Component: ARM Compiler 5.06 update 7 (build 960) Tool: armlink [4d3601]

==============================================================================

Section Cross References

    startup_stm32f407xx.o(STACK) refers (Special) to heapauxi.o(.text) for __use_two_region_memory
    startup_stm32f407xx.o(HEAP) refers (Special) to heapauxi.o(.text) for __use_two_region_memory
    startup_stm32f407xx.o(RESET) refers (Special) to heapauxi.o(.text) for __use_two_region_memory
    startup_stm32f407xx.o(RESET) refers to startup_stm32f407xx.o(STACK) for __initial_sp
    startup_stm32f407xx.o(RESET) refers to startup_stm32f407xx.o(.text) for Reset_Handler
    startup_stm32f407xx.o(RESET) refers to stm32f4xx_it.o(i.NMI_Handler) for NMI_Handler
    startup_stm32f407xx.o(RESET) refers to stm32f4xx_it.o(i.HardFault_Handler) for HardFault_Handler
    startup_stm32f407xx.o(RESET) refers to stm32f4xx_it.o(i.MemManage_Handler) for MemManage_Handler
    startup_stm32f407xx.o(RESET) refers to stm32f4xx_it.o(i.BusFault_Handler) for BusFault_Handler
    startup_stm32f407xx.o(RESET) refers to stm32f4xx_it.o(i.UsageFault_Handler) for UsageFault_Handler
    startup_stm32f407xx.o(RESET) refers to port.o(.emb_text) for SVC_Handler
    startup_stm32f407xx.o(RESET) refers to stm32f4xx_it.o(i.DebugMon_Handler) for DebugMon_Handler
    startup_stm32f407xx.o(RESET) refers to stm32f4xx_it.o(i.SysTick_Handler) for SysTick_Handler
    startup_stm32f407xx.o(RESET) refers to stm32f4xx_it.o(i.CAN1_RX0_IRQHandler) for CAN1_RX0_IRQHandler
    startup_stm32f407xx.o(RESET) refers to stm32f4xx_it.o(i.USART1_IRQHandler) for USART1_IRQHandler
    startup_stm32f407xx.o(RESET) refers to stm32f4xx_it.o(i.TIM7_IRQHandler) for TIM7_IRQHandler
    startup_stm32f407xx.o(RESET) refers to stm32f4xx_it.o(i.DMA2_Stream2_IRQHandler) for DMA2_Stream2_IRQHandler
    startup_stm32f407xx.o(.text) refers (Special) to heapauxi.o(.text) for __use_two_region_memory
    startup_stm32f407xx.o(.text) refers to system_stm32f4xx.o(i.SystemInit) for SystemInit
    startup_stm32f407xx.o(.text) refers to __main.o(!!!main) for __main
    startup_stm32f407xx.o(.text) refers to startup_stm32f407xx.o(HEAP) for Heap_Mem
    startup_stm32f407xx.o(.text) refers to startup_stm32f407xx.o(STACK) for Stack_Mem
    main.o(i.SystemClock_Config) refers to rt_memclr_w.o(.text) for __aeabi_memclr4
    main.o(i.SystemClock_Config) refers to stm32f4xx_hal_rcc.o(i.HAL_RCC_OscConfig) for HAL_RCC_OscConfig
    main.o(i.SystemClock_Config) refers to stm32f4xx_hal_rcc.o(i.HAL_RCC_ClockConfig) for HAL_RCC_ClockConfig
    main.o(i.main) refers to stm32f4xx_hal.o(i.HAL_Init) for HAL_Init
    main.o(i.main) refers to main.o(i.SystemClock_Config) for SystemClock_Config
    main.o(i.main) refers to gpio.o(i.MX_GPIO_Init) for MX_GPIO_Init
    main.o(i.main) refers to can.o(i.MX_CAN1_Init) for MX_CAN1_Init
    main.o(i.main) refers to spi.o(i.MX_SPI1_Init) for MX_SPI1_Init
    main.o(i.main) refers to tim.o(i.MX_TIM7_Init) for MX_TIM7_Init
    main.o(i.main) refers to tim.o(i.MX_TIM6_Init) for MX_TIM6_Init
    main.o(i.main) refers to dma.o(i.MX_DMA_Init) for MX_DMA_Init
    main.o(i.main) refers to usart.o(i.MX_USART1_UART_Init) for MX_USART1_UART_Init
    main.o(i.main) refers to tim.o(i.MX_TIM4_Init) for MX_TIM4_Init
    main.o(i.main) refers to stm32f4xx_hal_cortex.o(i.HAL_NVIC_SetPriority) for HAL_NVIC_SetPriority
    main.o(i.main) refers to stm32f4xx_hal_cortex.o(i.HAL_NVIC_EnableIRQ) for HAL_NVIC_EnableIRQ
    main.o(i.main) refers to noretval__2printf.o(.text) for __2printf
    main.o(i.main) refers to tim_led.o(i.PWM_LED) for PWM_LED
    main.o(i.main) refers to freertos.o(i.MX_FREERTOS_Init) for MX_FREERTOS_Init
    main.o(i.main) refers to cmsis_os.o(i.osKernelStart) for osKernelStart
    main.o(i.main) refers to main.o(.conststring) for .conststring
    gpio.o(i.MX_GPIO_Init) refers to rt_memclr_w.o(.text) for __aeabi_memclr4
    gpio.o(i.MX_GPIO_Init) refers to stm32f4xx_hal_gpio.o(i.HAL_GPIO_WritePin) for HAL_GPIO_WritePin
    gpio.o(i.MX_GPIO_Init) refers to stm32f4xx_hal_gpio.o(i.HAL_GPIO_Init) for HAL_GPIO_Init
    freertos.o(i.MX_FREERTOS_Init) refers to rt_memcpy_w.o(.text) for __aeabi_memcpy4
    freertos.o(i.MX_FREERTOS_Init) refers to cmsis_os.o(i.osThreadCreate) for osThreadCreate
    freertos.o(i.MX_FREERTOS_Init) refers to freertos.o(.constdata) for .constdata
    freertos.o(i.MX_FREERTOS_Init) refers to freertos.o(.data) for .data
    freertos.o(i.StartDefaultTask) refers to cmsis_os.o(i.osDelay) for osDelay
    freertos.o(i.vApplicationGetIdleTaskMemory) refers to freertos.o(.bss) for .bss
    freertos.o(.constdata) refers to freertos.o(.conststring) for .conststring
    freertos.o(.constdata) refers to freertos.o(i.StartDefaultTask) for StartDefaultTask
    can.o(i.HAL_CAN_MspDeInit) refers to stm32f4xx_hal_gpio.o(i.HAL_GPIO_DeInit) for HAL_GPIO_DeInit
    can.o(i.HAL_CAN_MspDeInit) refers to stm32f4xx_hal_cortex.o(i.HAL_NVIC_DisableIRQ) for HAL_NVIC_DisableIRQ
[...]
    prvInitialiseTaskLists                   0x08003981   Thumb Code    66  tasks.o(i.prvInitialiseTaskLists)
    i.prvInsertBlockIntoFreeList             0x080039e0   Section        0  heap_4.o(i.prvInsertBlockIntoFreeList)
    prvInsertBlockIntoFreeList               0x080039e1   Thumb Code    84  heap_4.o(i.prvInsertBlockIntoFreeList)
    i.prvResetNextTaskUnblockTime            0x08003a3c   Section        0  tasks.o(i.prvResetNextTaskUnblockTime)
    prvResetNextTaskUnblockTime              0x08003a3d   Thumb Code    30  tasks.o(i.prvResetNextTaskUnblockTime)
    i.prvTaskExitError                       0x08003a60   Section        0  port.o(i.prvTaskExitError)
    prvTaskExitError                         0x08003a61   Thumb Code    42  port.o(i.prvTaskExitError)
    i.pvPortMalloc                           0x08003a90   Section        0  heap_4.o(i.pvPortMalloc)
    i.pxPortInitialiseStack                  0x08003b78   Section        0  port.o(i.pxPortInitialiseStack)
    i.uxListRemove                           0x08003ba4   Section        0  list.o(i.uxListRemove)
    i.vApplicationGetIdleTaskMemory          0x08003bcc   Section        0  freertos.o(i.vApplicationGetIdleTaskMemory)
    i.vListInitialise                        0x08003be0   Section        0  list.o(i.vListInitialise)
    i.vListInitialiseItem                    0x08003bf6   Section        0  list.o(i.vListInitialiseItem)
    i.vListInsert                            0x08003bfc   Section        0  list.o(i.vListInsert)
    i.vListInsertEnd                         0x08003c32   Section        0  list.o(i.vListInsertEnd)
    i.vPortEnterCritical                     0x08003c4c   Section        0  port.o(i.vPortEnterCritical)
    i.vPortExitCritical                      0x08003c8c   Section        0  port.o(i.vPortExitCritical)
    i.vPortFree                              0x08003cb8   Section        0  heap_4.o(i.vPortFree)
    i.vPortSetupTimerInterrupt               0x08003d1c   Section        0  port.o(i.vPortSetupTimerInterrupt)
    i.vTaskDelay                             0x08003d40   Section        0  tasks.o(i.vTaskDelay)
    i.vTaskStartScheduler                    0x08003d90   Section        0  tasks.o(i.vTaskStartScheduler)
    i.vTaskSuspendAll                        0x08003e18   Section        0  tasks.o(i.vTaskSuspendAll)
    i.vTaskSwitchContext                     0x08003e28   Section        0  tasks.o(i.vTaskSwitchContext)
    i.xPortStartScheduler                    0x08003e88   Section        0  port.o(i.xPortStartScheduler)
    i.xPortSysTickHandler                    0x08003f8c   Section        0  port.o(i.xPortSysTickHandler)
    i.xTaskCreate                            0x08003fb8   Section        0  tasks.o(i.xTaskCreate)
    i.xTaskCreateStatic                      0x08004024   Section        0  tasks.o(i.xTaskCreateStatic)
    i.xTaskGetSchedulerState                 0x08004084   Section        0  tasks.o(i.xTaskGetSchedulerState)
    i.xTaskIncrementTick                     0x080040a0   Section        0  tasks.o(i.xTaskIncrementTick)
    i.xTaskResumeAll                         0x08004174   Section        0  tasks.o(i.xTaskResumeAll)
    x$fpl$fpinit                             0x08004240   Section       10  fpinit.o(x$fpl$fpinit)
    $v0                                      0x08004240   Number         0  fpinit.o(x$fpl$fpinit)
    .constdata                               0x0800424c   Section       28  freertos.o(.constdata)
    .constdata                               0x08004268   Section        8  stm32f4xx_hal_dma.o(.constdata)
    flagBitshiftOffset                       0x08004268   Data           8  stm32f4xx_hal_dma.o(.constdata)
    .constdata                               0x08004270   Section       16  system_stm32f4xx.o(.constdata)
    .constdata                               0x08004280   Section        8  system_stm32f4xx.o(.constdata)
    .constdata                               0x08004288   Section        4  sys_io.o(.constdata)
    .constdata                               0x0800428c   Section        4  sys_io.o(.constdata)
    .constdata                               0x08004290   Section        4  sys_io.o(.constdata)
    .conststring                             0x08004294   Section       94  main.o(.conststring)
    .conststring                             0x080042f4   Section       12  freertos.o(.conststring)
    .data                                    0x20000000   Section        4  freertos.o(.data)
    .data                                    0x20000004   Section       12  stm32f4xx_hal.o(.data)
    .data                                    0x20000010   Section        4  system_stm32f4xx.o(.data)
    .data                                    0x20000014   Section       26  can1_controlmotor.o(.data)
    .data                                    0x20000030   Section       60  tasks.o(.data)
    uxDeletedTasksWaitingCleanUp             0x20000034   Data           4  tasks.o(.data)
    uxCurrentNumberOfTasks                   0x20000038   Data           4  tasks.o(.data)
    xTickCount                               0x2000003c   Data           4  tasks.o(.data)
    uxTopReadyPriority                       0x20000040   Data           4  tasks.o(.data)
    xSchedulerRunning                        0x20000044   Data           4  tasks.o(.data)
    xPendedTicks                             0x20000048   Data           4  tasks.o(.data)
    xYieldPending                            0x2000004c   Data           4  tasks.o(.data)
    xNumOfOverflows                          0x20000050   Data           4  tasks.o(.data)
    uxTaskNumber                             0x20000054   Data           4  tasks.o(.data)
    xNextTaskUnblockTime                     0x20000058   Data           4  tasks.o(.data)
    xIdleTaskHandle                          0x2000005c   Data           4  tasks.o(.data)
    uxSchedulerSuspended                     0x20000060   Data           4  tasks.o(.data)
    pxDelayedTaskList                        0x20000064   Data           4  tasks.o(.data)
    pxOverflowDelayedTaskList                0x20000068   Data           4  tasks.o(.data)
    .data                                    0x2000006c   Section       32  heap_4.o(.data)
    pxEnd                                    0x2000006c   Data           4  heap_4.o(.data)
    xFreeBytesRemaining                      0x20000070   Data           4  heap_4.o(.data)
    xMinimumEverFreeBytesRemaining           0x20000074   Data           4  heap_4.o(.data)
    xNumberOfSuccessfulAllocations           0x20000078   Data           4  heap_4.o(.data)
    xNumberOfSuccessfulFrees                 0x2000007c   Data           4  heap_4.o(.data)
    xBlockAllocatedBit                       0x20000080   Data           4  heap_4.o(.data)
    xStart                                   0x20000084   Data           8  heap_4.o(.data)
    .data                                    0x2000008c   Section       12  port.o(.data)
    ucMaxSysCallPriority                     0x2000008c   Data           1  port.o(.data)
    uxCriticalNesting                        0x20000090   Data           4  port.o(.data)
    ulMaxPRIGROUPValue                       0x20000094   Data           4  port.o(.data)
    .data                                    0x20000098   Section        4  stdio_streams.o(.data)
    .data                                    0x2000009c   Section        4  stdio_streams.o(.data)
    .data                                    0x200000a0   Section        4  stdio_streams.o(.data)
    .bss                                     0x200000a4   Section      596  freertos.o(.bss)
    xIdleTaskTCBBuffer                       0x200000a4   Data          84  freertos.o(.bss)
    xIdleStack                               0x200000f8   Data         512  freertos.o(.bss)
    .bss                                     0x200002f8   Section       40  can.o(.bss)
    .bss                                     0x20000320   Section       88  spi.o(.bss)
    .bss                                     0x20000378   Section      216  tim.o(.bss)
    .bss                                     0x20000450   Section      164  usart.o(.bss)
    .bss                                     0x200004f4   Section      188  can1_controlmotor.o(.bss)
    .bss                                     0x200005b0   Section      240  tasks.o(.bss)
    pxReadyTasksLists                        0x200005b0   Data         140  tasks.o(.bss)
    xDelayedTaskList1                        0x2000063c   Data          20  tasks.o(.bss)
    xDelayedTaskList2                        0x20000650   Data          20  tasks.o(.bss)
    xPendingReadyList                        0x20000664   Data          20  tasks.o(.bss)
    xTasksWaitingTermination                 0x20000678   Data          20  tasks.o(.bss)
    xSuspendedTaskList                       0x2000068c   Data          20  tasks.o(.bss)
    .bss                                     0x200006a0   Section    15360  heap_4.o(.bss)
    ucHeap                                   0x200006a0   Data       15360  heap_4.o(.bss)
    .bss                                     0x200042a0   Section       84  stdio_streams.o(.bss)
    .bss                                     0x200042f4   Section       84  stdio_streams.o(.bss)
    .bss                                     0x20004348   Section       84  stdio_streams.o(.bss)
    .bss                                     0x2000439c   Section       96  libspace.o(.bss)
    HEAP                                     0x20004400   Section      512  startup_stm32f407xx.o(HEAP)
    Heap_Mem                                 0x20004400   Data         512  startup_stm32f407xx.o(HEAP)
    STACK                                    0x20004600   Section     1024  startup_stm32f407xx.o(STACK)
    Stack_Mem                                0x20004600   Data        1024  startup_stm32f407xx.o(STACK)
    __initial_sp                             0x20004a00   Data           0  startup_stm32f407xx.o(STACK)

    Global Symbols

    Symbol Name                              Value     Ov Type        Size  Object(Section)

    BuildAttributes$$THM_ISAv4$E$P$D$K$B$S$7EM$VFPi3$EXTD16$VFPS$VFMA$PE$A:L22UL41UL21$X:L11$S22US41US21$IEEE1$IW$USESV6$~STKCKD$USESV7$~SHL$OTIME$ROPI$EBA8$UX$STANDARDLIB$REQ8$PRES8$EABIv2 0x00000000   Number         0  anon$$obj.o ABSOLUTE
    __ARM_use_no_argv                        0x00000000   Number         0  main.o ABSOLUTE
    __ARM_exceptions_init                     - Undefined Weak Reference
    __alloca_initialize                       - Undefined Weak Reference
    __arm_fini_                               - Undefined Weak Reference
    __arm_preinit_                            - Undefined Weak Reference
    __cpp_initialize__aeabi_                  - Undefined Weak Reference
    __cxa_finalize                            - Undefined Weak Reference
    __rt_locale                               - Undefined Weak Reference
    __sigvec_lookup                           - Undefined Weak Reference
    __user_heap_extent                        - Undefined Weak Reference
    _atexit_init                              - Undefined Weak Reference
    _call_atexit_fns                          - Undefined Weak Reference
    _clock_init                               - Undefined Weak Reference
    _fp_trap_init                             - Undefined Weak Reference
    _fp_trap_shutdown                         - Undefined Weak Reference
    _get_lc_collate                           - Undefined Weak Reference
    _get_lc_ctype                             - Undefined Weak Reference
    _get_lc_monetary                          - Undefined Weak Reference
    _get_lc_numeric                           - Undefined Weak Reference
    _get_lc_time                              - Undefined Weak Reference
    _getenv_init                              - Undefined Weak Reference
    _handle_redirection                       - Undefined Weak Reference
    _mutex_acquire                            - Undefined Weak Reference
    _mutex_free                               - Undefined Weak Reference
    _mutex_release                            - Undefined Weak Reference
    _rand_init                                - Undefined Weak Reference
    _signal_finish                            - Undefined Weak Reference
    _signal_init                              - Undefined Weak Reference
    __Vectors_Size                           0x00000188   Number         0  startup_stm32f407xx.o ABSOLUTE
    __Vectors                                0x08000000   Data           4  startup_stm32f407xx.o(RESET)
    __Vectors_End                            0x08000188   Data           0  startup_stm32f407xx.o(RESET)
    __main                                   0x08000189   Thumb Code     8  __main.o(!!!main)
    __scatterload                            0x08000191   Thumb Code     0  __scatter.o(!!!scatter)
    __scatterload_rt2                        0x08000191   Thumb Code    44  __scatter.o(!!!scatter)
    __scatterload_rt2_thumb_only             0x08000191   Thumb Code     0  __scatter.o(!!!scatter)
    __scatterload_null                       0x0800019f   Thumb Code     0  __scatter.o(!!!scatter)
    __scatterload_copy                       0x080001c5   Thumb Code    26  __scatter_copy.o(!!handler_copy)
    __scatterload_zeroinit                   0x080001e1   Thumb Code    28  __scatter_zi.o(!!handler_zi)
    __rt_lib_init                            0x080001fd   Thumb Code     0  libinit.o(.ARM.Collect$$libinit$$00000000)
    __rt_lib_init_fp_1                       0x080001ff   Thumb Code     0  libinit2.o(.ARM.Collect$$libinit$$00000001)
    __rt_lib_init_heap_2                     0x08000203   Thumb Code     0  libinit2.o(.ARM.Collect$$libinit$$00000005)
    __rt_lib_init_preinit_1                  0x08000203   Thumb Code     0  libinit2.o(.ARM.Collect$$libinit$$00000004)
    __rt_lib_init_atexit_1                   0x0800020b   Thumb Code     0  libinit2.o(.ARM.Collect$$libinit$$0000001B)
    __rt_lib_init_clock_1                    0x0800020b   Thumb Code     0  libinit2.o(.ARM.Collect$$libinit$$00000021)
    __rt_lib_init_fp_trap_1                  0x0800020b   Thumb Code     0  libinit2.o(.ARM.Collect$$libinit$$0000001F)
    __rt_lib_init_getenv_1                   0x0800020b   Thumb Code     0  libinit2.o(.ARM.Collect$$libinit$$00000023)
    __rt_lib_init_heap_1                     0x0800020b   Thumb Code     0  libinit2.o(.ARM.Collect$$libinit$$0000000A)
    __rt_lib_init_lc_collate_1               0x0800020b   Thumb Code     0  libinit2.o(.ARM.Collect$$libinit$$00000011)
    __rt_lib_init_lc_ctype_1                 0x0800020b   Thumb Code     0  libinit2.o(.ARM.Collect$$libinit$$00000013)
    __rt_lib_init_lc_monetary_1              0x0800020b   Thumb Code     0  libinit2.o(.ARM.Collect$$libinit$$00000015)
    __rt_lib_init_lc_numeric_1               0x0800020b   Thumb Code     0  libinit2.o(.ARM.Collect$$libinit$$00000017)
    __rt_lib_init_lc_time_1                  0x0800020b   Thumb Code     0  libinit2.o(.ARM.Collect$$libinit$$00000019)
    __rt_lib_init_rand_1                     0x0800020b   Thumb Code     0  libinit2.o(.ARM.Collect$$libinit$$0000000E)
    __rt_lib_init_signal_1                   0x0800020b   Thumb Code     0  libinit2.o(.ARM.Collect$$libinit$$0000001D)
    __rt_lib_init_stdio_2                    0x0800020b   Thumb Code     0  libinit2.o(.ARM.Collect$$libinit$$00000024)
    __rt_lib_init_user_alloc_1               0x0800020b   Thumb Code     0  libinit2.o(.ARM.Collect$$libinit$$0000000C)
    __rt_lib_init_alloca_1                   0x0800020f   Thumb Code     0  libinit2.o(.ARM.Collect$$libinit$$0000002E)
    __rt_lib_init_argv_1                     0x0800020f   Thumb Code     0  libinit2.o(.ARM.Collect$$libinit$$0000002C)
    __rt_lib_init_cpp_1                      0x0800020f   Thumb Code     0  libinit2.o(.ARM.Collect$$libinit$$00000032)
    __rt_lib_init_exceptions_1               0x0800020f   Thumb Code     0  libinit2.o(.ARM.Collect$$libinit$$00000030)
    __rt_lib_init_return                     0x0800020f   Thumb Code     0  libinit2.o(.ARM.Collect$$libinit$$00000033)
    __rt_lib_init_stdio_1                    0x0800020f   Thumb Code     0  libinit2.o(.ARM.Collect$$libinit$$00000025)
    __rt_lib_shutdown                        0x08000211   Thumb Code     0  libshutdown.o(.ARM.Collect$$libshutdown$$00000000)
    __rt_lib_shutdown_cpp_1                  0x08000213   Thumb Code     0  libshutdown2.o(.ARM.Collect$$libshutdown$$00000004)
    __rt_lib_shutdown_fini_1                 0x08000213   Thumb Code     0  libshutdown2.o(.ARM.Collect$$libshutdown$$00000002)
    __rt_lib_shutdown_stdio_2                0x08000213   Thumb Code     0  libshutdown2.o(.ARM.Collect$$libshutdown$$00000005)
    __rt_lib_shutdown_fp_trap_1              0x08000217   Thumb Code     0  libshutdown2.o(.ARM.Collect$$libshutdown$$00000009)
    __rt_lib_shutdown_heap_1                 0x08000217   Thumb Code     0  libshutdown2.o(.ARM.Collect$$libshutdown$$00000011)
    __rt_lib_shutdown_return                 0x08000217   Thumb Code     0  libshutdown2.o(.ARM.Collect$$libshutdown$$00000012)
    __rt_lib_shutdown_signal_1               0x08000217   Thumb Code     0  libshutdown2.o(.ARM.Collect$$libshutdown$$0000000C)
    __rt_lib_shutdown_stdio_1                0x08000217   Thumb Code     0  libshutdown2.o(.ARM.Collect$$libshutdown$$00000006)
    __rt_lib_shutdown_user_alloc_1           0x08000217   Thumb Code     0  libshutdown2.o(.ARM.Collect$$libshutdown$$0000000E)
    __rt_entry                               0x08000219   Thumb Code     0  __rtentry.o(.ARM.Collect$$rtentry$$00000000)
    __rt_entry_presh_1                       0x08000219   Thumb Code     0  __rtentry2.o(.ARM.Collect$$rtentry$$00000002)
    __rt_entry_sh                            0x08000219   Thumb Code     0  __rtentry4.o(.ARM.Collect$$rtentry$$00000004)
    __rt_entry_li                            0x0800021f   Thumb Code     0  __rtentry2.o(.ARM.Collect$$rtentry$$0000000A)
    __rt_entry_postsh_1                      0x0800021f   Thumb Code     0  __rtentry2.o(.ARM.Collect$$rtentry$$00000009)
    __rt_entry_main                          0x08000223   Thumb Code     0  __rtentry2.o(.ARM.Collect$$rtentry$$0000000D)
    __rt_entry_postli_1                      0x08000223   Thumb Code     0  __rtentry2.o(.ARM.Collect$$rtentry$$0000000C)
    __rt_exit                                0x0800022b   Thumb Code     0  rtexit.o(.ARM.Collect$$rtexit$$00000000)
    __rt_exit_ls                             0x0800022d   Thumb Code     0  rtexit2.o(.ARM.Collect$$rtexit$$00000003)
    __rt_exit_prels_1                        0x0800022d   Thumb Code     0  rtexit2.o(.ARM.Collect$$rtexit$$00000002)
    __rt_exit_exit                           0x08000231   Thumb Code     0  rtexit2.o(.ARM.Collect$$rtexit$$00000004)
    SVC_Handler                              0x08000239   Thumb Code    28  port.o(.emb_text)
    __asm___6_port_c_39a90d8d__prvStartFirstTask 0x08000259   Thumb Code    36  port.o(.emb_text)
    __asm___6_port_c_39a90d8d__prvEnableVFP  0x08000281   Thumb Code    16  port.o(.emb_text)
    PendSV_Handler                           0x08000295   Thumb Code    88  port.o(.emb_text)
    vPortGetIPSR                             0x080002f1   Thumb Code     6  port.o(.emb_text)
    Reset_Handler                            0x080002f9   Thumb Code     8  startup_stm32f407xx.o(.text)
    _maybe_terminate_alloc                   0x080002f9   Thumb Code     0  maybetermalloc1.o(.emb_text)
    ADC_IRQHandler                           0x08000313   Thumb Code     0  startup_stm32f407xx.o(.text)
    CAN1_RX1_IRQHandler                      0x08000313   Thumb Code     0  startup_stm32f407xx.o(.text)
    CAN1_SCE_IRQHandler                      0x08000313   Thumb Code     0  startup_stm32f407xx.o(.text)
    CAN1_TX_IRQHandler                       0x08000313   Thumb Code     0  startup_stm32f407xx.o(.text)
    CAN2_RX0_IRQHandler                      0x08000313   Thumb Code     0  startup_stm32f407xx.o(.text)
    CAN2_RX1_IRQHandler                      0x08000313   Thumb Code     0  startup_stm32f407xx.o(.text)
    CAN2_SCE_IRQHandler                      0x08000313   Thumb Code     0  startup_stm32f407xx.o(.text)
    CAN2_TX_IRQHandler                       0x08000313   Thumb Code     0  startup_stm32f407xx.o(.text)
    DCMI_IRQHandler                          0x08000313   Thumb Code     0  startup_stm32f407xx.o(.text)
    DMA1_Stream0_IRQHandler                  0x08000313   Thumb Code     0  startup_stm32f407xx.o(.text)
    DMA1_Stream1_IRQHandler                  0x08000313   Thumb Code     0  startup_stm32f407xx.o(.text)
    DMA1_Stream2_IRQHandler                  0x08000313   Thumb Code     0  startup_stm32f407xx.o(.text)
    DMA1_Stream3_IRQHandler                  0x08000313   Thumb Code     0  startup_stm32f407xx.o(.text)
    DMA1_Stream4_IRQHandler                  0x08000313   Thumb Code     0  startup_stm32f407xx.o(.text)
    DMA1_Stream5_IRQHandler                  0x08000313   Thumb Code     0  startup_stm32f407xx.o(.text)
    DMA1_Stream6_IRQHandler                  0x08000313   Thumb Code     0  startup_stm32f407xx.o(.text)
    DMA1_Stream7_IRQHandler                  0x08000313   Thumb Code     0  startup_stm32f407xx.o(.text)
    DMA2_Stream0_IRQHandler                  0x08000313   Thumb Code     0  startup_stm32f407xx.o(.text)
    DMA2_Stream1_IRQHandler                  0x08000313   Thumb Code     0  startup_stm32f407xx.o(.text)
    DMA2_Stream3_IRQHandler                  0x08000313   Thumb Code     0  startup_stm32f407xx.o(.text)
    DMA2_Stream4_IRQHandler                  0x08000313   Thumb Code     0  startup_stm32f407xx.o(.text)
    DMA2_Stream5_IRQHandler                  0x08000313   Thumb Code     0  startup_stm32f407xx.o(.text)
    DMA2_Stream6_IRQHandler                  0x08000313   Thumb Code     0  startup_stm32f407xx.o(.text)
    DMA2_Stream7_IRQHandler                  0x08000313   Thumb Code     0  startup_stm32f407xx.o(.text)
    ETH_IRQHandler                           0x08000313   Thumb Code     0  startup_stm32f407xx.o(.text)
    ETH_WKUP_IRQHandler                      0x08000313   Thumb Code     0  startup_stm32f407xx.o(.text)
    EXTI0_IRQHandler                         0x08000313   Thumb Code     0  startup_stm32f407xx.o(.text)
    EXTI15_10_IRQHandler                     0x08000313   Thumb Code     0  startup_stm32f407xx.o(.text)
    EXTI1_IRQHandler                         0x08000313   Thumb Code     0  startup_stm32f407xx.o(.text)
    EXTI2_IRQHandler                         0x08000313   Thumb Code     0  startup_stm32f407xx.o(.text)
    EXTI3_IRQHandler                         0x08000313   Thumb Code     0  startup_stm32f407xx.o(.text)
    EXTI4_IRQHandler                         0x08000313   Thumb Code     0  startup_stm32f407xx.o(.text)
    EXTI9_5_IRQHandler                       0x08000313   Thumb Code     0  startup_stm32f407xx.o(.text)
    FLASH_IRQHandler                         0x08000313   Thumb Code     0  startup_stm32f407xx.o(.text)
    FMC_IRQHandler                           0x08000313   Thumb Code     0  startup_stm32f407xx.o(.text)
    FPU_IRQHandler                           0x08000313   Thumb Code     0  startup_stm32f407xx.o(.text)
    HASH_RNG_IRQHandler                      0x08000313   Thumb Code     0  startup_stm32f407xx.o(.text)
    I2C1_ER_IRQHandler                       0x08000313   Thumb Code     0  startup_stm32f407xx.o(.text)
    I2C1_EV_IRQHandler                       0x08000313   Thumb Code     0  startup_stm32f407xx.o(.text)
    I2C2_ER_IRQHandler                       0x08000313   Thumb Code     0  startup_stm32f407xx.o(.text)
    I2C2_EV_IRQHandler                       0x08000313   Thumb Code     0  startup_stm32f407xx.o(.text)
    I2C3_ER_IRQHandler                       0x08000313   Thumb Code     0  startup_stm32f407xx.o(.text)
    I2C3_EV_IRQHandler                       0x08000313   Thumb Code     0  startup_stm32f407xx.o(.text)
    OTG_FS_IRQHandler                        0x08000313   Thumb Code     0  startup_stm32f407xx.o(.text)
    OTG_FS_WKUP_IRQHandler                   0x08000313   Thumb Code     0  startup_stm32f407xx.o(.text)
    OTG_HS_EP1_IN_IRQHandler                 0x08000313   Thumb Code     0  startup_stm32f407xx.o(.text)
    OTG_HS_EP1_OUT_IRQHandler                0x08000313   Thumb Code     0  startup_stm32f407xx.o(.text)
    OTG_HS_IRQHandler                        0x08000313   Thumb Code     0  startup_stm32f407xx.o(.text)
    OTG_HS_WKUP_IRQHandler                   0x08000313   Thumb Code     0  startup_stm32f407xx.o(.text)
    PVD_IRQHandler                           0x08000313   Thumb Code     0  startup_stm32f407xx.o(.text)
    RCC_IRQHandler                           0x08000313   Thumb Code     0  startup_stm32f407xx.o(.text)
    RTC_Alarm_IRQHandler                     0x08000313   Thumb Code     0  startup_stm32f407xx.o(.text)
    RTC_WKUP_IRQHandler                      0x08000313   Thumb Code     0  startup_stm32f407xx.o(.text)
    SDIO_IRQHandler                          0x08000313   Thumb Code     0  startup_stm32f407xx.o(.text)
    SPI1_IRQHandler                          0x08000313   Thumb Code     0  startup_stm32f407xx.o(.text)
    SPI2_IRQHandler                          0x08000313   Thumb Code     0  startup_stm32f407xx.o(.text)
    SPI3_IRQHandler                          0x08000313   Thumb Code     0  startup_stm32f407xx.o(.text)
    TAMP_STAMP_IRQHandler                    0x08000313   Thumb Code     0  startup_stm32f407xx.o(.text)
    TIM1_BRK_TIM9_IRQHandler                 0x08000313   Thumb Code     0  startup_stm32f407xx.o(.text)
    TIM1_CC_IRQHandler                       0x08000313   Thumb Code     0  startup_stm32f407xx.o(.text)
    TIM1_TRG_COM_TIM11_IRQHandler            0x08000313   Thumb Code     0  startup_stm32f407xx.o(.text)
    TIM1_UP_TIM10_IRQHandler                 0x08000313   Thumb Code     0  startup_stm32f407xx.o(.text)
    TIM2_IRQHandler                          0x08000313   Thumb Code     0  startup_stm32f407xx.o(.text)
    TIM3_IRQHandler                          0x08000313   Thumb Code     0  startup_stm32f407xx.o(.text)
    TIM4_IRQHandler                          0x08000313   Thumb Code     0  startup_stm32f407xx.o(.text)
    TIM5_IRQHandler                          0x08000313   Thumb Code     0  startup_stm32f407xx.o(.text)
    TIM6_DAC_IRQHandler                      0x08000313   Thumb Code     0  startup_stm32f407xx.o(.text)
    TIM8_BRK_TIM12_IRQHandler                0x08000313   Thumb Code     0  startup_stm32f407xx.o(.text)
    TIM8_CC_IRQHandler                       0x08000313   Thumb Code     0  startup_stm32f407xx.o(.text)
    TIM8_TRG_COM_TIM14_IRQHandler            0x08000313   Thumb Code     0  startup_stm32f407xx.o(.text)
    TIM8_UP_TIM13_IRQHandler                 0x08000313   Thumb Code     0  startup_stm32f407xx.o(.text)
    UART4_IRQHandler                         0x08000313   Thumb Code     0  startup_stm32f407xx.o(.text)
    UART5_IRQHandler                         0x08000313   Thumb Code     0  startup_stm32f407xx.o(.text)
    USART2_IRQHandler                        0x08000313   Thumb Code     0  startup_stm32f407xx.o(.text)
    USART3_IRQHandler                        0x08000313   Thumb Code     0  startup_stm32f407xx.o(.text)
    USART6_IRQHandler                        0x08000313   Thumb Code     0  startup_stm32f407xx.o(.text)
    WWDG_IRQHandler                          0x08000313   Thumb Code     0  startup_stm32f407xx.o(.text)
    __user_initial_stackheap                 0x08000315   Thumb Code     0  startup_stm32f407xx.o(.text)
    __aeabi_uldivmod                         0x08000339   Thumb Code     0  lludivv7m.o(.text)
    _ll_udiv                                 0x08000339   Thumb Code   238  lludivv7m.o(.text)
    __2printf                                0x08000429   Thumb Code    20  noretval__2printf.o(.text)
    __aeabi_memcpy4                          0x08000441   Thumb Code     0  rt_memcpy_w.o(.text)
    __aeabi_memcpy8                          0x08000441   Thumb Code     0  rt_memcpy_w.o(.text)
    __rt_memcpy_w                            0x08000441   Thumb Code   100  rt_memcpy_w.o(.text)
    _memcpy_lastbytes_aligned                0x08000489   Thumb Code     0  rt_memcpy_w.o(.text)
    __aeabi_memclr4                          0x080004a5   Thumb Code     0  rt_memclr_w.o(.text)
    __aeabi_memclr8                          0x080004a5   Thumb Code     0  rt_memclr_w.o(.text)
    __rt_memclr_w                            0x080004a5   Thumb Code    78  rt_memclr_w.o(.text)
    _memset_w                                0x080004a9   Thumb Code     0  rt_memclr_w.o(.text)
    __use_two_region_memory                  0x080004f3   Thumb Code     2  heapauxi.o(.text)
    __rt_heap_escrow                         0x080004f5   Thumb Code     2  heapauxi.o(.text)
    __rt_heap_expand                         0x080004f7   Thumb Code     2  heapauxi.o(.text)
    _printf_char_file                        0x080004f9   Thumb Code    32  _printf_char_file.o(.text)
    _printf_char_common                      0x08000527   Thumb Code    32  _printf_char_common.o(.text)
    ferror                                   0x0800054d   Thumb Code     8  ferror.o(.text)
    _initio                                  0x08000555   Thumb Code   210  initio.o(.text)
    _terminateio                             0x08000627   Thumb Code    56  initio.o(.text)
    _sys_open                                0x0800068d   Thumb Code    20  sys_io.o(.text)
    _sys_close                               0x080006a1   Thumb Code    12  sys_io.o(.text)
    _sys_write                               0x080006ad   Thumb Code    16  sys_io.o(.text)
    _sys_read                                0x080006bd   Thumb Code    14  sys_io.o(.text)
    _sys_istty                               0x080006cb   Thumb Code    12  sys_io.o(.text)
    _sys_seek                                0x080006d7   Thumb Code    14  sys_io.o(.text)
    _sys_ensure                              0x080006e5   Thumb Code     2  sys_io.o(.text)
    _sys_flen                                0x080006e7   Thumb Code    12  sys_io.o(.text)
    __user_setup_stackheap                   0x080006f3   Thumb Code    74  sys_stackheap_outer.o(.text)
    free                                     0x0800073d   Thumb Code    78  h1_free.o(.text)
    __printf                                 0x0800078b   Thumb Code    40  __printf_nopercent.o(.text)
    __flsbuf                                 0x080007b3   Thumb Code   470  flsbuf.o(.text)
    __flsbuf_byte                            0x080007b3   Thumb Code     0  flsbuf.o(.text)
    __flsbuf_wide                            0x080007b3   Thumb Code     0  flsbuf.o(.text)
    setvbuf                                  0x08000989   Thumb Code    70  setvbuf.o(.text)
    freopen                                  0x080009d1   Thumb Code   158  fopen.o(.text)
    fopen                                    0x08000a6f   Thumb Code    74  fopen.o(.text)
    _fclose_internal                         0x08000abd   Thumb Code    76  fclose.o(.text)
    fclose                                   0x08000abd   Thumb Code     0  fclose.o(.text)
    exit                                     0x08000b09   Thumb Code    18  exit.o(.text)
    __rt_SIGRTRED                            0x08000b1b   Thumb Code    14  defsig_rtred_outer.o(.text)
    __user_libspace                          0x08000b29   Thumb Code     8  libspace.o(.text)
    __user_perproc_libspace                  0x08000b29   Thumb Code     0  libspace.o(.text)
    __user_perthread_libspace                0x08000b29   Thumb Code     0  libspace.o(.text)
    __I$use$semihosting                      0x08000b31   Thumb Code     0  use_no_semi.o(.text)
    __use_no_semihosting_swi                 0x08000b31   Thumb Code     2  use_no_semi.o(.text)
    __semihosting_library_function           0x08000b33   Thumb Code     0  indicate_semi.o(.text)
    __rt_heap_descriptor                     0x08000b35   Thumb Code     8  rt_heap_descriptor_intlibspace.o(.text)
    __use_no_heap                            0x08000b3d   Thumb Code     2  hguard.o(.text)
    __heap$guard                             0x08000b3f   Thumb Code     2  hguard.o(.text)
    _terminate_user_alloc                    0x08000b41   Thumb Code     2  init_alloc.o(.text)
    _init_user_alloc                         0x08000b43   Thumb Code     2  init_alloc.o(.text)
    __Heap_Full                              0x08000b45   Thumb Code    34  init_alloc.o(.text)
    __Heap_Broken                            0x08000b67   Thumb Code     6  init_alloc.o(.text)
    _init_alloc                              0x08000b6d   Thumb Code    94  init_alloc.o(.text)
    malloc                                   0x08000bcb   Thumb Code    94  h1_alloc.o(.text)
    _fseek                                   0x08000c29   Thumb Code   242  fseek.o(.text)
    fseek                                    0x08000c29   Thumb Code     0  fseek.o(.text)
    _seterr                                  0x08000d21   Thumb Code    20  stdio.o(.text)
    _writebuf                                0x08000d35   Thumb Code    84  stdio.o(.text)
    _fflush                                  0x08000d89   Thumb Code    70  stdio.o(.text)
    _deferredlazyseek                        0x08000dcf   Thumb Code    60  stdio.o(.text)
    __sig_exit                               0x08000e11   Thumb Code    10  defsig_exit.o(.text)
    __rt_SIGRTRED_inner                      0x08000e1d   Thumb Code    14  defsig_rtred_inner.o(.text)
    strlen                                   0x08000e51   Thumb Code    62  strlen.o(.text)
    _sys_exit                                0x08000e91   Thumb Code     8  sys_exit.o(.text)
    __Heap_Initialize                        0x08000e9d   Thumb Code    10  h1_init.o(.text)
    __Heap_DescSize                          0x08000ea7   Thumb Code     4  h1_init.o(.text)
    __Heap_ProvideMemory                     0x08000eab   Thumb Code    52  h1_extend.o(.text)
    _ftell_internal                          0x08000edf   Thumb Code    66  ftell.o(.text)
    ftell                                    0x08000edf   Thumb Code     0  ftell.o(.text)
    __default_signal_display                 0x08000f21   Thumb Code    50  defsig_general.o(.text)
    __rt_SIGRTMEM                            0x08000f53   Thumb Code    14  defsig_rtmem_outer.o(.text)
    _ttywrch                                 0x08000f61   Thumb Code    14  sys_wrch.o(.text)
    __aeabi_errno_addr                       0x08000f71   Thumb Code     8  rt_errno_addr_intlibspace.o(.text)
    __errno$intlibspace                      0x08000f71   Thumb Code     0  rt_errno_addr_intlibspace.o(.text)
    __rt_errno_addr$intlibspace              0x08000f71   Thumb Code     0  rt_errno_addr_intlibspace.o(.text)
    __rt_SIGRTMEM_inner                      0x08000f79   Thumb Code    22  defsig_rtmem_inner.o(.text)
    BusFault_Handler                         0x08000fc9   Thumb Code     2  stm32f4xx_it.o(i.BusFault_Handler)
    CAN1_RX0_IRQHandler                      0x08000fcd   Thumb Code     6  stm32f4xx_it.o(i.CAN1_RX0_IRQHandler)
    DMA2_Stream2_IRQHandler                  0x08000fd9   Thumb Code     6  stm32f4xx_it.o(i.DMA2_Stream2_IRQHandler)
    DebugMon_Handler                         0x08001061   Thumb Code     2  stm32f4xx_it.o(i.DebugMon_Handler)
    Error_Handler                            0x08001063   Thumb Code     4  main.o(i.Error_Handler)
    HAL_CAN_ErrorCallback                    0x08001067   Thumb Code     2  stm32f4xx_hal_can.o(i.HAL_CAN_ErrorCallback)
    HAL_CAN_GetRxMessage                     0x08001069   Thumb Code   232  stm32f4xx_hal_can.o(i.HAL_CAN_GetRxMessage)
    HAL_CAN_IRQHandler                       0x08001151   Thumb Code   508  stm32f4xx_hal_can.o(i.HAL_CAN_IRQHandler)
    HAL_CAN_Init                             0x0800134d   Thumb Code   282  stm32f4xx_hal_can.o(i.HAL_CAN_Init)
    HAL_CAN_MspInit                          0x08001469   Thumb Code    90  can.o(i.HAL_CAN_MspInit)
    HAL_CAN_RxFifo0FullCallback              0x080014d1   Thumb Code     2  stm32f4xx_hal_can.o(i.HAL_CAN_RxFifo0FullCallback)
    HAL_CAN_RxFifo0MsgPendingCallback        0x080014d5   Thumb Code    50  can1_controlmotor.o(i.HAL_CAN_RxFifo0MsgPendingCallback)
    HAL_CAN_RxFifo1FullCallback              0x08001515   Thumb Code     2  stm32f4xx_hal_can.o(i.HAL_CAN_RxFifo1FullCallback)
    HAL_CAN_RxFifo1MsgPendingCallback        0x08001517   Thumb Code     2  stm32f4xx_hal_can.o(i.HAL_CAN_RxFifo1MsgPendingCallback)
    HAL_CAN_SleepCallback                    0x08001519   Thumb Code     2  stm32f4xx_hal_can.o(i.HAL_CAN_SleepCallback)
    HAL_CAN_TxMailbox0AbortCallback          0x0800151b   Thumb Code     2  stm32f4xx_hal_can.o(i.HAL_CAN_TxMailbox0AbortCallback)
    HAL_CAN_TxMailbox0CompleteCallback       0x0800151d   Thumb Code     2  stm32f4xx_hal_can.o(i.HAL_CAN_TxMailbox0CompleteCallback)
    HAL_CAN_TxMailbox1AbortCallback          0x0800151f   Thumb Code     2  stm32f4xx_hal_can.o(i.HAL_CAN_TxMailbox1AbortCallback)
    HAL_CAN_TxMailbox1CompleteCallback       0x08001521   Thumb Code     2  stm32f4xx_hal_can.o(i.HAL_CAN_TxMailbox1CompleteCallback)
    HAL_CAN_TxMailbox2AbortCallback          0x08001523   Thumb Code     2  stm32f4xx_hal_can.o(i.HAL_CAN_TxMailbox2AbortCallback)
    HAL_CAN_TxMailbox2CompleteCallback       0x08001525   Thumb Code     2  stm32f4xx_hal_can.o(i.HAL_CAN_TxMailbox2CompleteCallback)
    HAL_CAN_WakeUpFromRxMsgCallback          0x08001527   Thumb Code     2  stm32f4xx_hal_can.o(i.HAL_CAN_WakeUpFromRxMsgCallback)
    HAL_DMA_Abort                            0x08001529   Thumb Code   146  stm32f4xx_hal_dma.o(i.HAL_DMA_Abort)
    HAL_DMA_Abort_IT                         0x080015bb   Thumb Code    36  stm32f4xx_hal_dma.o(i.HAL_DMA_Abort_IT)
    HAL_DMA_IRQHandler                       0x080015e1   Thumb Code   412  stm32f4xx_hal_dma.o(i.HAL_DMA_IRQHandler)
    HAL_DMA_Init                             0x08001781   Thumb Code   206  stm32f4xx_hal_dma.o(i.HAL_DMA_Init)
    HAL_Delay                                0x08001855   Thumb Code    32  stm32f4xx_hal.o(i.HAL_Delay)
    HAL_GPIO_Init                            0x08001879   Thumb Code   450  stm32f4xx_hal_gpio.o(i.HAL_GPIO_Init)
    HAL_GPIO_TogglePin                       0x08001a69   Thumb Code    16  stm32f4xx_hal_gpio.o(i.HAL_GPIO_TogglePin)
    HAL_GPIO_WritePin                        0x08001a79   Thumb Code    10  stm32f4xx_hal_gpio.o(i.HAL_GPIO_WritePin)
    HAL_GetTick                              0x08001a85   Thumb Code     6  stm32f4xx_hal.o(i.HAL_GetTick)
    HAL_IncTick                              0x08001a91   Thumb Code    12  stm32f4xx_hal.o(i.HAL_IncTick)
    HAL_Init                                 0x08001aa1   Thumb Code    48  stm32f4xx_hal.o(i.HAL_Init)
    HAL_InitTick                             0x08001ad5   Thumb Code    54  stm32f4xx_hal.o(i.HAL_InitTick)
    HAL_MspInit                              0x08001b15   Thumb Code    52  stm32f4xx_hal_msp.o(i.HAL_MspInit)
    HAL_NVIC_EnableIRQ                       0x08001b4d   Thumb Code    26  stm32f4xx_hal_cortex.o(i.HAL_NVIC_EnableIRQ)
    HAL_NVIC_SetPriority                     0x08001b69   Thumb Code    60  stm32f4xx_hal_cortex.o(i.HAL_NVIC_SetPriority)
    HAL_NVIC_SetPriorityGrouping             0x08001ba9   Thumb Code    26  stm32f4xx_hal_cortex.o(i.HAL_NVIC_SetPriorityGrouping)
    HAL_RCC_ClockConfig                      0x08001bcd   Thumb Code   288  stm32f4xx_hal_rcc.o(i.HAL_RCC_ClockConfig)
    HAL_RCC_GetPCLK1Freq                     0x08001d01   Thumb Code    20  stm32f4xx_hal_rcc.o(i.HAL_RCC_GetPCLK1Freq)
    HAL_RCC_GetPCLK2Freq                     0x08001d21   Thumb Code    20  stm32f4xx_hal_rcc.o(i.HAL_RCC_GetPCLK2Freq)
    HAL_RCC_GetSysClockFreq                  0x08001d41   Thumb Code    88  stm32f4xx_hal_rcc.o(i.HAL_RCC_GetSysClockFreq)
    HAL_RCC_OscConfig                        0x08001da5   Thumb Code   856  stm32f4xx_hal_rcc.o(i.HAL_RCC_OscConfig)
    HAL_SPI_Init                             0x08002111   Thumb Code   188  stm32f4xx_hal_spi.o(i.HAL_SPI_Init)
    HAL_SPI_MspInit                          0x080021cd   Thumb Code    92  spi.o(i.HAL_SPI_MspInit)
    HAL_SYSTICK_Config                       0x08002235   Thumb Code    40  stm32f4xx_hal_cortex.o(i.HAL_SYSTICK_Config)
    HAL_TIMEx_BreakCallback                  0x0800225d   Thumb Code     2  stm32f4xx_hal_tim_ex.o(i.HAL_TIMEx_BreakCallback)
    HAL_TIMEx_CommutCallback                 0x0800225f   Thumb Code     2  stm32f4xx_hal_tim_ex.o(i.HAL_TIMEx_CommutCallback)
    HAL_TIMEx_MasterConfigSynchronization    0x08002261   Thumb Code   116  stm32f4xx_hal_tim_ex.o(i.HAL_TIMEx_MasterConfigSynchronization)
    HAL_TIM_Base_Init                        0x080022f1   Thumb Code    90  stm32f4xx_hal_tim.o(i.HAL_TIM_Base_Init)
    HAL_TIM_Base_MspInit                     0x0800234d   Thumb Code    74  tim.o(i.HAL_TIM_Base_MspInit)
    HAL_TIM_Base_Start_IT                    0x080023a9   Thumb Code   100  stm32f4xx_hal_tim.o(i.HAL_TIM_Base_Start_IT)
    HAL_TIM_ConfigClockSource                0x08002429   Thumb Code   220  stm32f4xx_hal_tim.o(i.HAL_TIM_ConfigClockSource)
    HAL_TIM_IC_CaptureCallback               0x08002505   Thumb Code     2  stm32f4xx_hal_tim.o(i.HAL_TIM_IC_CaptureCallback)
    HAL_TIM_IRQHandler                       0x08002507   Thumb Code   358  stm32f4xx_hal_tim.o(i.HAL_TIM_IRQHandler)
    HAL_TIM_MspPostInit                      0x0800266d   Thumb Code    68  tim.o(i.HAL_TIM_MspPostInit)
    HAL_TIM_OC_DelayElapsedCallback          0x080026bd   Thumb Code     2  stm32f4xx_hal_tim.o(i.HAL_TIM_OC_DelayElapsedCallback)
    HAL_TIM_PWM_ConfigChannel                0x080026bf   Thumb Code   204  stm32f4xx_hal_tim.o(i.HAL_TIM_PWM_ConfigChannel)
    HAL_TIM_PWM_Init                         0x0800278b   Thumb Code    90  stm32f4xx_hal_tim.o(i.HAL_TIM_PWM_Init)
    HAL_TIM_PWM_MspInit                      0x080027e5   Thumb Code     2  stm32f4xx_hal_tim.o(i.HAL_TIM_PWM_MspInit)
    HAL_TIM_PWM_PulseFinishedCallback        0x080027e7   Thumb Code     2  stm32f4xx_hal_tim.o(i.HAL_TIM_PWM_PulseFinishedCallback)
    HAL_TIM_PWM_Start                        0x080027e9   Thumb Code   172  stm32f4xx_hal_tim.o(i.HAL_TIM_PWM_Start)
    HAL_TIM_PeriodElapsedCallback            0x080028b1   Thumb Code    18  tim_led.o(i.HAL_TIM_PeriodElapsedCallback)
    HAL_TIM_TriggerCallback                  0x080028cd   Thumb Code     2  stm32f4xx_hal_tim.o(i.HAL_TIM_TriggerCallback)
    HAL_UARTEx_RxEventCallback               0x080028cf   Thumb Code     2  stm32f4xx_hal_uart.o(i.HAL_UARTEx_RxEventCallback)
    HAL_UART_ErrorCallback                   0x080028d1   Thumb Code     2  stm32f4xx_hal_uart.o(i.HAL_UART_ErrorCallback)
    HAL_UART_IRQHandler                      0x080028d5   Thumb Code   610  stm32f4xx_hal_uart.o(i.HAL_UART_IRQHandler)
    HAL_UART_Init                            0x08002b3d   Thumb Code    98  stm32f4xx_hal_uart.o(i.HAL_UART_Init)
    HAL_UART_MspInit                         0x08002ba1   Thumb Code   160  usart.o(i.HAL_UART_MspInit)
    HAL_UART_RxCpltCallback                  0x08002c55   Thumb Code     2  stm32f4xx_hal_uart.o(i.HAL_UART_RxCpltCallback)
    HAL_UART_TxCpltCallback                  0x08002c57   Thumb Code     2  stm32f4xx_hal_uart.o(i.HAL_UART_TxCpltCallback)
    HardFault_Handler                        0x08002c59   Thumb Code     2  stm32f4xx_it.o(i.HardFault_Handler)
    MX_CAN1_Init                             0x08002c5d   Thumb Code    60  can.o(i.MX_CAN1_Init)
    MX_DMA_Init                              0x08002ca1   Thumb Code    40  dma.o(i.MX_DMA_Init)
    MX_FREERTOS_Init                         0x08002ccd   Thumb Code    30  freertos.o(i.MX_FREERTOS_Init)
    MX_GPIO_Init                             0x08002cf5   Thumb Code   268  gpio.o(i.MX_GPIO_Init)
    MX_SPI1_Init                             0x08002e15   Thumb Code    60  spi.o(i.MX_SPI1_Init)
    MX_TIM4_Init                             0x08002e59   Thumb Code   154  tim.o(i.MX_TIM4_Init)
    MX_TIM6_Init                             0x08002efd   Thumb Code    58  tim.o(i.MX_TIM6_Init)
    MX_TIM7_Init                             0x08002f41   Thumb Code    76  tim.o(i.MX_TIM7_Init)
    MX_USART1_UART_Init                      0x08002f95   Thumb Code    48  usart.o(i.MX_USART1_UART_Init)
    MemManage_Handler                        0x08002fcd   Thumb Code     2  stm32f4xx_it.o(i.MemManage_Handler)
    NMI_Handler                              0x08002fcf   Thumb Code     2  stm32f4xx_it.o(i.NMI_Handler)
    PWM_LED                                  0x08002fd1   Thumb Code    54  tim_led.o(i.PWM_LED)
    StartDefaultTask                         0x0800300d   Thumb Code     8  freertos.o(i.StartDefaultTask)
    SysTick_Handler                          0x08003015   Thumb Code    24  stm32f4xx_it.o(i.SysTick_Handler)
    SystemClock_Config                       0x0800302d   Thumb Code   142  main.o(i.SystemClock_Config)
    SystemInit                               0x080030c5   Thumb Code    12  system_stm32f4xx.o(i.SystemInit)
    TIM7_IRQHandler                          0x080030d5   Thumb Code     6  stm32f4xx_it.o(i.TIM7_IRQHandler)
    TIM_Base_SetConfig                       0x080030e1   Thumb Code   156  stm32f4xx_hal_tim.o(i.TIM_Base_SetConfig)
    TIM_CCxChannelCmd                        0x080031a9   Thumb Code    26  stm32f4xx_hal_tim.o(i.TIM_CCxChannelCmd)
    TIM_ETR_SetConfig                        0x080031c3   Thumb Code    20  stm32f4xx_hal_tim.o(i.TIM_ETR_SetConfig)
    TIM_OC2_SetConfig                        0x08003249   Thumb Code    98  stm32f4xx_hal_tim.o(i.TIM_OC2_SetConfig)
    USART1_IRQHandler                        0x080035dd   Thumb Code     6  stm32f4xx_it.o(i.USART1_IRQHandler)
    UsageFault_Handler                       0x080035e9   Thumb Code     2  stm32f4xx_it.o(i.UsageFault_Handler)
    fputc                                    0x0800360b   Thumb Code    26  fputc.o(i.fputc)
    main                                     0x08003625   Thumb Code    92  main.o(i.main)
    osDelay                                  0x08003691   Thumb Code    16  cmsis_os.o(i.osDelay)
    osKernelStart                            0x080036a1   Thumb Code    10  cmsis_os.o(i.osKernelStart)
    osThreadCreate                           0x080036ab   Thumb Code    92  cmsis_os.o(i.osThreadCreate)
    pvPortMalloc                             0x08003a91   Thumb Code   224  heap_4.o(i.pvPortMalloc)
    pxPortInitialiseStack                    0x08003b79   Thumb Code    38  port.o(i.pxPortInitialiseStack)
    uxListRemove                             0x08003ba5   Thumb Code    38  list.o(i.uxListRemove)
    vApplicationGetIdleTaskMemory            0x08003bcd   Thumb Code    16  freertos.o(i.vApplicationGetIdleTaskMemory)
    vListInitialise                          0x08003be1   Thumb Code    22  list.o(i.vListInitialise)
    vListInitialiseItem                      0x08003bf7   Thumb Code     6  list.o(i.vListInitialiseItem)
    vListInsert                              0x08003bfd   Thumb Code    54  list.o(i.vListInsert)
    vListInsertEnd                           0x08003c33   Thumb Code    24  list.o(i.vListInsertEnd)
    vPortEnterCritical                       0x08003c4d   Thumb Code    54  port.o(i.vPortEnterCritical)
    vPortExitCritical                        0x08003c8d   Thumb Code    38  port.o(i.vPortExitCritical)
    vPortFree                                0x08003cb9   Thumb Code    94  heap_4.o(i.vPortFree)
    vPortSetupTimerInterrupt                 0x08003d1d   Thumb Code    32  port.o(i.vPortSetupTimerInterrupt)
    vTaskDelay                               0x08003d41   Thumb Code    70  tasks.o(i.vTaskDelay)
    vTaskStartScheduler                      0x08003d91   Thumb Code   120  tasks.o(i.vTaskStartScheduler)
    vTaskSuspendAll                          0x08003e19   Thumb Code    10  tasks.o(i.vTaskSuspendAll)
    vTaskSwitchContext                       0x08003e29   Thumb Code    86  tasks.o(i.vTaskSwitchContext)
    xPortStartScheduler                      0x08003e89   Thumb Code   232  port.o(i.xPortStartScheduler)
    xPortSysTickHandler                      0x08003f8d   Thumb Code    38  port.o(i.xPortSysTickHandler)
    xTaskCreate                              0x08003fb9   Thumb Code   108  tasks.o(i.xTaskCreate)
    xTaskCreateStatic                        0x08004025   Thumb Code    96  tasks.o(i.xTaskCreateStatic)
    xTaskGetSchedulerState                   0x08004085   Thumb Code    24  tasks.o(i.xTaskGetSchedulerState)
    xTaskIncrementTick                       0x080040a1   Thumb Code   202  tasks.o(i.xTaskIncrementTick)
    xTaskResumeAll                           0x08004175   Thumb Code   190  tasks.o(i.xTaskResumeAll)
    _fp_init                                 0x08004241   Thumb Code    10  fpinit.o(x$fpl$fpinit)
    __fplib_config_fpu_vfp                   0x08004249   Thumb Code     0  fpinit.o(x$fpl$fpinit)
    __fplib_config_pureend_doubles           0x08004249   Thumb Code     0  fpinit.o(x$fpl$fpinit)
    AHBPrescTable                            0x08004270   Data          16  system_stm32f4xx.o(.constdata)
    APBPrescTable                            0x08004280   Data           8  system_stm32f4xx.o(.constdata)
    __stdin_name                             0x08004288   Data           4  sys_io.o(.constdata)
    __stdout_name                            0x0800428c   Data           4  sys_io.o(.constdata)
    __stderr_name                            0x08004290   Data           4  sys_io.o(.constdata)
    Region$$Table$$Base                      0x08004300   Number         0  anon$$obj.o(Region$$Table)
    Region$$Table$$Limit                     0x08004320   Number         0  anon$$obj.o(Region$$Table)
    defaultTaskHandle                        0x20000000   Data           4  freertos.o(.data)
    uwTickFreq                               0x20000004   Data           1  stm32f4xx_hal.o(.data)
    uwTickPrio                               0x20000008   Data           4  stm32f4xx_hal.o(.data)
    uwTick                                   0x2000000c   Data           4  stm32f4xx_hal.o(.data)
    SystemCoreClock                          0x20000010   Data           4  system_stm32f4xx.o(.data)
    output                                   0x20000014   Data           2  can1_controlmotor.o(.data)
    can1Tx                                   0x20000016   Data           8  can1_controlmotor.o(.data)
    can1Rx                                   0x2000001e   Data           8  can1_controlmotor.o(.data)
    motor1                                   0x20000026   Data           8  can1_controlmotor.o(.data)
    pxCurrentTCB                             0x20000030   Data           4  tasks.o(.data)
    __aeabi_stdin                            0x20000098   Data           4  stdio_streams.o(.data)
    __aeabi_stdout                           0x2000009c   Data           4  stdio_streams.o(.data)
    __aeabi_stderr                           0x200000a0   Data           4  stdio_streams.o(.data)
    hcan1                                    0x200002f8   Data          40  can.o(.bss)
    hspi1                                    0x20000320   Data          88  spi.o(.bss)
    htim4                                    0x20000378   Data          72  tim.o(.bss)
    htim6                                    0x200003c0   Data          72  tim.o(.bss)
    htim7                                    0x20000408   Data          72  tim.o(.bss)
    huart1                                   0x20000450   Data          68  usart.o(.bss)
    hdma_usart1_rx                           0x20000494   Data          96  usart.o(.bss)
    CAN_FilterInitStructure                  0x200004f4   Data          40  can1_controlmotor.o(.bss)
    pRxMailbox                               0x2000051c   Data          28  can1_controlmotor.o(.bss)
    C620Speed                                0x20000538   Data          60  can1_controlmotor.o(.bss)
    C620Poisition                            0x20000574   Data          60  can1_controlmotor.o(.bss)
    __stdin                                  0x200042a0   Data          84  stdio_streams.o(.bss)
    __stdout                                 0x200042f4   Data          84  stdio_streams.o(.bss)
    __stderr                                 0x20004348   Data          84  stdio_streams.o(.bss)
    __libspace_start                         0x2000439c   Data          96  libspace.o(.bss)
    __temporary_stack_top$libspace           0x200043fc   Data           0  libspace.o(.bss)



==============================================================================

Memory Map of the image

  Image Entry point : 0x08000189

  Load Region LR_IROM1 (Base: 0x08000000, Size: 0x000043c4, Max: 0x00080000, ABSOLUTE)

    Execution Region ER_IROM1 (Exec base: 0x08000000, Load base: 0x08000000, Size: 0x00004320, Max: 0x00080000, ABSOLUTE)

    Exec Addr    Load Addr    Size         Type   Attr      Idx    E Section Name        Object

    0x08000000   0x08000000   0x00000188   Data   RO            3    RESET               startup_stm32f407xx.o
    0x08000188   0x08000188   0x00000008   Code   RO         5258  * !!!main             c_w.l(__main.o)
    0x08000190   0x08000190   0x00000034   Code   RO         5614    !!!scatter          c_w.l(__scatter.o)
    0x080001c4   0x080001c4   0x0000001a   Code   RO         5616    !!handler_copy      c_w.l(__scatter_copy.o)
    0x080001de   0x080001de   0x00000002   PAD
    0x080001e0   0x080001e0   0x0000001c   Code   RO         5618    !!handler_zi        c_w.l(__scatter_zi.o)
    0x080001fc   0x080001fc   0x00000002   Code   RO         5403    .ARM.Collect$$libinit$$00000000  c_w.l(libinit.o)
    0x080001fe   0x080001fe   0x00000004   Code   RO         5404    .ARM.Collect$$libinit$$00000001  c_w.l(libinit2.o)
    0x08000202   0x08000202   0x00000000   Code   RO         5407    .ARM.Collect$$libinit$$00000004  c_w.l(libinit2.o)
    0x08000202   0x08000202   0x00000008   Code   RO         5408    .ARM.Collect$$libinit$$00000005  c_w.l(libinit2.o)
    0x0800020a   0x0800020a   0x00000000   Code   RO         5410    .ARM.Collect$$libinit$$0000000A  c_w.l(libinit2.o)
    0x0800020a   0x0800020a   0x00000000   Code   RO         5412    .ARM.Collect$$libinit$$0000000C  c_w.l(libinit2.o)
    0x0800020a   0x0800020a   0x00000000   Code   RO         5414    .ARM.Collect$$libinit$$0000000E  c_w.l(libinit2.o)
    0x0800020a   0x0800020a   0x00000000   Code   RO         5417    .ARM.Collect$$libinit$$00000011  c_w.l(libinit2.o)
    0x0800020a   0x0800020a   0x00000000   Code   RO         5419    .ARM.Collect$$libinit$$00000013  c_w.l(libinit2.o)
    0x0800020a   0x0800020a   0x00000000   Code   RO         5421    .ARM.Collect$$libinit$$00000015  c_w.l(libinit2.o)
    0x0800020a   0x0800020a   0x00000000   Code   RO         5423    .ARM.Collect$$libinit$$00000017  c_w.l(libinit2.o)
    0x0800020a   0x0800020a   0x00000000   Code   RO         5425    .ARM.Collect$$libinit$$00000019  c_w.l(libinit2.o)
    0x0800020a   0x0800020a   0x00000000   Code   RO         5427    .ARM.Collect$$libinit$$0000001B  c_w.l(libinit2.o)
    0x0800020a   0x0800020a   0x00000000   Code   RO         5429    .ARM.Collect$$libinit$$0000001D  c_w.l(libinit2.o)
    0x0800020a   0x0800020a   0x00000000   Code   RO         5431    .ARM.Collect$$libinit$$0000001F  c_w.l(libinit2.o)
    0x0800020a   0x0800020a   0x00000000   Code   RO         5433    .ARM.Collect$$libinit$$00000021  c_w.l(libinit2.o)
    0x0800020a   0x0800020a   0x00000000   Code   RO         5435    .ARM.Collect$$libinit$$00000023  c_w.l(libinit2.o)
    0x0800020a   0x0800020a   0x00000004   Code   RO         5436    .ARM.Collect$$libinit$$00000024  c_w.l(libinit2.o)
    0x0800020e   0x0800020e   0x00000000   Code   RO         5437    .ARM.Collect$$libinit$$00000025  c_w.l(libinit2.o)
    0x0800020e   0x0800020e   0x00000000   Code   RO         5441    .ARM.Collect$$libinit$$0000002C  c_w.l(libinit2.o)
    0x0800020e   0x0800020e   0x00000000   Code   RO         5443    .ARM.Collect$$libinit$$0000002E  c_w.l(libinit2.o)
    0x0800020e   0x0800020e   0x00000000   Code   RO         5445    .ARM.Collect$$libinit$$00000030  c_w.l(libinit2.o)
    0x0800020e   0x0800020e   0x00000000   Code   RO         5447    .ARM.Collect$$libinit$$00000032  c_w.l(libinit2.o)
    0x0800020e   0x0800020e   0x00000002   Code   RO         5448    .ARM.Collect$$libinit$$00000033  c_w.l(libinit2.o)
    0x08000210   0x08000210   0x00000002   Code   RO         5595    .ARM.Collect$$libshutdown$$00000000  c_w.l(libshutdown.o)
    0x08000212   0x08000212   0x00000000   Code   RO         5450    .ARM.Collect$$libshutdown$$00000002  c_w.l(libshutdown2.o)
    0x08000212   0x08000212   0x00000000   Code   RO         5452    .ARM.Collect$$libshutdown$$00000004  c_w.l(libshutdown2.o)
    0x08000212   0x08000212   0x00000004   Code   RO         5453    .ARM.Collect$$libshutdown$$00000005  c_w.l(libshutdown2.o)
    0x08000216   0x08000216   0x00000000   Code   RO         5454    .ARM.Collect$$libshutdown$$00000006  c_w.l(libshutdown2.o)
    0x08000216   0x08000216   0x00000000   Code   RO         5457    .ARM.Collect$$libshutdown$$00000009  c_w.l(libshutdown2.o)
    0x08000216   0x08000216   0x00000000   Code   RO         5460    .ARM.Collect$$libshutdown$$0000000C  c_w.l(libshutdown2.o)
    0x08000216   0x08000216   0x00000000   Code   RO         5462    .ARM.Collect$$libshutdown$$0000000E  c_w.l(libshutdown2.o)
    0x08000216   0x08000216   0x00000000   Code   RO         5465    .ARM.Collect$$libshutdown$$00000011  c_w.l(libshutdown2.o)
    0x08000216   0x08000216   0x00000002   Code   RO         5466    .ARM.Collect$$libshutdown$$00000012  c_w.l(libshutdown2.o)
    0x08000218   0x08000218   0x00000000   Code   RO         5260    .ARM.Collect$$rtentry$$00000000  c_w.l(__rtentry.o)
    0x08000218   0x08000218   0x00000000   Code   RO         5276    .ARM.Collect$$rtentry$$00000002  c_w.l(__rtentry2.o)
    0x08000218   0x08000218   0x00000006   Code   RO         5288    .ARM.Collect$$rtentry$$00000004  c_w.l(__rtentry4.o)
    0x0800021e   0x0800021e   0x00000000   Code   RO         5278    .ARM.Collect$$rtentry$$00000009  c_w.l(__rtentry2.o)
    0x0800021e   0x0800021e   0x00000004   Code   RO         5279    .ARM.Collect$$rtentry$$0000000A  c_w.l(__rtentry2.o)
    0x08000222   0x08000222   0x00000000   Code   RO         5281    .ARM.Collect$$rtentry$$0000000C  c_w.l(__rtentry2.o)
    0x08000222   0x08000222   0x00000008   Code   RO         5282    .ARM.Collect$$rtentry$$0000000D  c_w.l(__rtentry2.o)
    0x0800022a   0x0800022a   0x00000002   Code   RO         5475    .ARM.Collect$$rtexit$$00000000  c_w.l(rtexit.o)
    0x0800022c   0x0800022c   0x00000000   Code   RO         5533    .ARM.Collect$$rtexit$$00000002  c_w.l(rtexit2.o)
    0x0800022c   0x0800022c   0x00000004   Code   RO         5534    .ARM.Collect$$rtexit$$00000003  c_w.l(rtexit2.o)
    0x08000230   0x08000230   0x00000006   Code   RO         5535    .ARM.Collect$$rtexit$$00000004  c_w.l(rtexit2.o)
    0x08000236   0x08000236   0x00000002   PAD
    0x08000238   0x08000238   0x000000be   Code   RO         5151    .emb_text           port.o
    0x080002f6   0x080002f6   0x00000002   PAD
    0x080002f8   0x080002f8   0x00000000   Code   RO         5539    .emb_text           c_w.l(maybetermalloc1.o)
    0x080002f8   0x080002f8   0x00000040   Code   RO            4    .text               startup_stm32f407xx.o
    0x08000338   0x08000338   0x000000ee   Code   RO         5242    .text               c_w.l(lludivv7m.o)
    0x08000426   0x08000426   0x00000002   PAD
    0x08000428   0x08000428   0x00000018   Code   RO         5246    .text               c_w.l(noretval__2printf.o)
    0x08000440   0x08000440   0x00000064   Code   RO         5250    .text               c_w.l(rt_memcpy_w.o)
    0x080004a4   0x080004a4   0x0000004e   Code   RO         5254    .text               c_w.l(rt_memclr_w.o)
    0x080004f2   0x080004f2   0x00000006   Code   RO         5256    .text               c_w.l(heapauxi.o)
    0x080004f8   0x080004f8   0x00000024   Code   RO         5265    .text               c_w.l(_printf_char_file.o)
    0x0800051c   0x0800051c   0x00000030   Code   RO         5292    .text               c_w.l(_printf_char_common.o)
    0x0800054c   0x0800054c   0x00000008   Code   RO         5294    .text               c_w.l(ferror.o)
    0x08000554   0x08000554   0x00000138   Code   RO         5300    .text               c_w.l(initio.o)
    0x0800068c   0x0800068c   0x00000066   Code   RO         5308    .text               c_w.l(sys_io.o)
    0x080006f2   0x080006f2   0x0000004a   Code   RO         5315    .text               c_w.l(sys_stackheap_outer.o)
    0x0800073c   0x0800073c   0x0000004e   Code   RO         5319    .text               c_w.l(h1_free.o)
    0x0800078a   0x0800078a   0x00000028   Code   RO         5373    .text               c_w.l(__printf_nopercent.o)
    0x080007b2   0x080007b2   0x000001d6   Code   RO         5375    .text               c_w.l(flsbuf.o)
    0x08000988   0x08000988   0x00000046   Code   RO         5377    .text               c_w.l(setvbuf.o)
    0x080009ce   0x080009ce   0x00000002   PAD
    0x080009d0   0x080009d0   0x000000ec   Code   RO         5380    .text               c_w.l(fopen.o)
    0x08000abc   0x08000abc   0x0000004c   Code   RO         5382    .text               c_w.l(fclose.o)
    0x08000b08   0x08000b08   0x00000012   Code   RO         5388    .text               c_w.l(exit.o)
    0x08000b1a   0x08000b1a   0x0000000e   Code   RO         5394    .text               c_w.l(defsig_rtred_outer.o)
    0x08000b28   0x08000b28   0x00000008   Code   RO         5469    .text               c_w.l(libspace.o)
    0x08000b30   0x08000b30   0x00000002   Code   RO         5472    .text               c_w.l(use_no_semi.o)
    0x08000b32   0x08000b32   0x00000000   Code   RO         5474    .text               c_w.l(indicate_semi.o)
    0x08000b32   0x08000b32   0x00000002   PAD
    0x08000b34   0x08000b34   0x00000008   Code   RO         5482    .text               c_w.l(rt_heap_descriptor_intlibspace.o)
    0x08000b3c   0x08000b3c   0x00000004   Code   RO         5484    .text               c_w.l(hguard.o)
    0x08000b40   0x08000b40   0x0000008a   Code   RO         5486    .text               c_w.l(init_alloc.o)
    0x08000bca   0x08000bca   0x0000005e   Code   RO         5492    .text               c_w.l(h1_alloc.o)
    0x08000c28   0x08000c28   0x000000f8   Code   RO         5508    .text               c_w.l(fseek.o)
    0x08000d20   0x08000d20   0x000000f0   Code   RO         5510    .text               c_w.l(stdio.o)
    0x08000e10   0x08000e10   0x0000000a   Code   RO         5516    .text               c_w.l(defsig_exit.o)
    0x08000e1a   0x08000e1a   0x00000002   PAD
    0x08000e1c   0x08000e1c   0x00000034   Code   RO         5520    .text               c_w.l(defsig_rtred_inner.o)
    0x08000e50   0x08000e50   0x0000003e   Code   RO         5524    .text               c_w.l(strlen.o)
    0x08000e8e   0x08000e8e   0x00000002   PAD
    0x08000e90   0x08000e90   0x0000000c   Code   RO         5530    .text               c_w.l(sys_exit.o)
    0x08000e9c   0x08000e9c   0x0000000e   Code   RO         5541    .text               c_w.l(h1_init.o)
    0x08000eaa   0x08000eaa   0x00000034   Code   RO         5543    .text               c_w.l(h1_extend.o)
    0x08000ede   0x08000ede   0x00000042   Code   RO         5553    .text               c_w.l(ftell.o)
    0x08000f20   0x08000f20   0x00000032   Code   RO         5561    .text               c_w.l(defsig_general.o)
    0x08000f52   0x08000f52   0x0000000e   Code   RO         5563    .text               c_w.l(defsig_rtmem_outer.o)
    0x08000f60   0x08000f60   0x0000000e   Code   RO         5576    .text               c_w.l(sys_wrch.o)
    0x08000f6e   0x08000f6e   0x00000002   PAD
    0x08000f70   0x08000f70   0x00000008   Code   RO         5583    .text               c_w.l(rt_errno_addr_intlibspace.o)
    0x08000f78   0x08000f78   0x00000050   Code   RO         5589    .text               c_w.l(defsig_rtmem_inner.o)
    0x08000fc8   0x08000fc8   0x00000002   Code   RO          514    i.BusFault_Handler  stm32f4xx_it.o
    0x08000fca   0x08000fca   0x00000002   PAD
    0x08000fcc   0x08000fcc   0x0000000c   Code   RO          515    i.CAN1_RX0_IRQHandler  stm32f4xx_it.o
    0x08000fd8   0x08000fd8   0x0000000c   Code   RO          516    i.DMA2_Stream2_IRQHandler  stm32f4xx_it.o
    0x08000fe4   0x08000fe4   0x00000028   Code   RO         1319    i.DMA_CalcBaseAndBitshift  stm32f4xx_hal_dma.o
    0x0800100c   0x0800100c   0x00000054   Code   RO         1320    i.DMA_CheckFifoParam  stm32f4xx_hal_dma.o
    0x08001060   0x08001060   0x00000002   Code   RO          517    i.DebugMon_Handler  stm32f4xx_it.o
    0x08001062   0x08001062   0x00000004   Code   RO           13    i.Error_Handler     main.o
    0x08001066   0x08001066   0x00000002   Code   RO          632    i.HAL_CAN_ErrorCallback  stm32f4xx_hal_can.o
    0x08001068   0x08001068   0x000000e8   Code   RO          635    i.HAL_CAN_GetRxMessage  stm32f4xx_hal_can.o
    0x08001150   0x08001150   0x000001fc   Code   RO          639    i.HAL_CAN_IRQHandler  stm32f4xx_hal_can.o
    0x0800134c   0x0800134c   0x0000011a   Code   RO          640    i.HAL_CAN_Init      stm32f4xx_hal_can.o
    0x08001466   0x08001466   0x00000002   PAD
    0x08001468   0x08001468   0x00000068   Code   RO          305    i.HAL_CAN_MspInit   can.o
    0x080014d0   0x080014d0   0x00000002   Code   RO          647    i.HAL_CAN_RxFifo0FullCallback  stm32f4xx_hal_can.o
    0x080014d2   0x080014d2   0x00000002   PAD
    0x080014d4   0x080014d4   0x00000040   Code   RO         3684    i.HAL_CAN_RxFifo0MsgPendingCallback  can1_controlmotor.o
    0x08001514   0x08001514   0x00000002   Code   RO          649    i.HAL_CAN_RxFifo1FullCallback  stm32f4xx_hal_can.o
    0x08001516   0x08001516   0x00000002   Code   RO          650    i.HAL_CAN_RxFifo1MsgPendingCallback  stm32f4xx_hal_can.o
    0x08001518   0x08001518   0x00000002   Code   RO          651    i.HAL_CAN_SleepCallback  stm32f4xx_hal_can.o
    0x0800151a   0x0800151a   0x00000002   Code   RO          654    i.HAL_CAN_TxMailbox0AbortCallback  stm32f4xx_hal_can.o
    0x0800151c   0x0800151c   0x00000002   Code   RO          655    i.HAL_CAN_TxMailbox0CompleteCallback  stm32f4xx_hal_can.o
    0x0800151e   0x0800151e   0x00000002   Code   RO          656    i.HAL_CAN_TxMailbox1AbortCallback  stm32f4xx_hal_can.o
    0x08001520   0x08001520   0x00000002   Code   RO          657    i.HAL_CAN_TxMailbox1CompleteCallback  stm32f4xx_hal_can.o
    0x08001522   0x08001522   0x00000002   Code   RO          658    i.HAL_CAN_TxMailbox2AbortCallback  stm32f4xx_hal_can.o
    0x08001524   0x08001524   0x00000002   Code   RO          659    i.HAL_CAN_TxMailbox2CompleteCallback  stm32f4xx_hal_can.o
    0x08001526   0x08001526   0x00000002   Code   RO          661    i.HAL_CAN_WakeUpFromRxMsgCallback  stm32f4xx_hal_can.o
    0x08001528   0x08001528   0x00000092   Code   RO         1322    i.HAL_DMA_Abort     stm32f4xx_hal_dma.o
    0x080015ba   0x080015ba   0x00000024   Code   RO         1323    i.HAL_DMA_Abort_IT  stm32f4xx_hal_dma.o
    0x080015de   0x080015de   0x00000002   PAD
    0x080015e0   0x080015e0   0x000001a0   Code   RO         1327    i.HAL_DMA_IRQHandler  stm32f4xx_hal_dma.o
    0x08001780   0x08001780   0x000000d4   Code   RO         1328    i.HAL_DMA_Init      stm32f4xx_hal_dma.o
    0x08001854   0x08001854   0x00000024   Code   RO         1741    i.HAL_Delay         stm32f4xx_hal.o
    0x08001878   0x08001878   0x000001f0   Code   RO         1215    i.HAL_GPIO_Init     stm32f4xx_hal_gpio.o
    0x08001a68   0x08001a68   0x00000010   Code   RO         1218    i.HAL_GPIO_TogglePin  stm32f4xx_hal_gpio.o
    0x08001a78   0x08001a78   0x0000000a   Code   RO         1219    i.HAL_GPIO_WritePin  stm32f4xx_hal_gpio.o
    0x08001a82   0x08001a82   0x00000002   PAD
    0x08001a84   0x08001a84   0x0000000c   Code   RO         1747    i.HAL_GetTick       stm32f4xx_hal.o
    0x08001a90   0x08001a90   0x00000010   Code   RO         1753    i.HAL_IncTick       stm32f4xx_hal.o
    0x08001aa0   0x08001aa0   0x00000034   Code   RO         1754    i.HAL_Init          stm32f4xx_hal.o
    0x08001ad4   0x08001ad4   0x00000040   Code   RO         1755    i.HAL_InitTick      stm32f4xx_hal.o
    0x08001b14   0x08001b14   0x00000038   Code   RO          602    i.HAL_MspInit       stm32f4xx_hal_msp.o
    0x08001b4c   0x08001b4c   0x0000001a   Code   RO         1604    i.HAL_NVIC_EnableIRQ  stm32f4xx_hal_cortex.o
    0x08001b66   0x08001b66   0x00000002   PAD
    0x08001b68   0x08001b68   0x00000040   Code   RO         1610    i.HAL_NVIC_SetPriority  stm32f4xx_hal_cortex.o
    0x08001ba8   0x08001ba8   0x00000024   Code   RO         1611    i.HAL_NVIC_SetPriorityGrouping  stm32f4xx_hal_cortex.o
    0x08001bcc   0x08001bcc   0x00000134   Code   RO          861    i.HAL_RCC_ClockConfig  stm32f4xx_hal_rcc.o
    0x08001d00   0x08001d00   0x00000020   Code   RO          868    i.HAL_RCC_GetPCLK1Freq  stm32f4xx_hal_rcc.o
    0x08001d20   0x08001d20   0x00000020   Code   RO          869    i.HAL_RCC_GetPCLK2Freq  stm32f4xx_hal_rcc.o
    0x08001d40   0x08001d40   0x00000064   Code   RO          870    i.HAL_RCC_GetSysClockFreq  stm32f4xx_hal_rcc.o
    0x08001da4   0x08001da4   0x0000036c   Code   RO          873    i.HAL_RCC_OscConfig  stm32f4xx_hal_rcc.o
    0x08002110   0x08002110   0x000000bc   Code   RO         2003    i.HAL_SPI_Init      stm32f4xx_hal_spi.o
    0x080021cc   0x080021cc   0x00000068   Code   RO          371    i.HAL_SPI_MspInit   spi.o
    0x08002234   0x08002234   0x00000028   Code   RO         1615    i.HAL_SYSTICK_Config  stm32f4xx_hal_cortex.o
    0x0800225c   0x0800225c   0x00000002   Code   RO         3020    i.HAL_TIMEx_BreakCallback  stm32f4xx_hal_tim_ex.o
    0x0800225e   0x0800225e   0x00000002   Code   RO         3021    i.HAL_TIMEx_CommutCallback  stm32f4xx_hal_tim_ex.o
    0x08002260   0x08002260   0x00000090   Code   RO         3039    i.HAL_TIMEx_MasterConfigSynchronization  stm32f4xx_hal_tim_ex.o
    0x080022f0   0x080022f0   0x0000005a   Code   RO         2316    i.HAL_TIM_Base_Init  stm32f4xx_hal_tim.o
    0x0800234a   0x0800234a   0x00000002   PAD
    0x0800234c   0x0800234c   0x0000005c   Code   RO          413    i.HAL_TIM_Base_MspInit  tim.o
    0x080023a8   0x080023a8   0x00000080   Code   RO         2321    i.HAL_TIM_Base_Start_IT  stm32f4xx_hal_tim.o
    0x08002428   0x08002428   0x000000dc   Code   RO         2325    i.HAL_TIM_ConfigClockSource  stm32f4xx_hal_tim.o
    0x08002504   0x08002504   0x00000002   Code   RO         2350    i.HAL_TIM_IC_CaptureCallback  stm32f4xx_hal_tim.o
    0x08002506   0x08002506   0x00000166   Code   RO         2364    i.HAL_TIM_IRQHandler  stm32f4xx_hal_tim.o
    0x0800266c   0x0800266c   0x00000050   Code   RO          414    i.HAL_TIM_MspPostInit  tim.o
    0x080026bc   0x080026bc   0x00000002   Code   RO         2367    i.HAL_TIM_OC_DelayElapsedCallback  stm32f4xx_hal_tim.o
    0x080026be   0x080026be   0x000000cc   Code   RO         2388    i.HAL_TIM_PWM_ConfigChannel  stm32f4xx_hal_tim.o
    0x0800278a   0x0800278a   0x0000005a   Code   RO         2391    i.HAL_TIM_PWM_Init  stm32f4xx_hal_tim.o
    0x080027e4   0x080027e4   0x00000002   Code   RO         2393    i.HAL_TIM_PWM_MspInit  stm32f4xx_hal_tim.o
    0x080027e6   0x080027e6   0x00000002   Code   RO         2394    i.HAL_TIM_PWM_PulseFinishedCallback  stm32f4xx_hal_tim.o
    0x080027e8   0x080027e8   0x000000c8   Code   RO         2396    i.HAL_TIM_PWM_Start  stm32f4xx_hal_tim.o
    0x080028b0   0x080028b0   0x0000001c   Code   RO         3773    i.HAL_TIM_PeriodElapsedCallback  tim_led.o
    0x080028cc   0x080028cc   0x00000002   Code   RO         2407    i.HAL_TIM_TriggerCallback  stm32f4xx_hal_tim.o
    0x080028ce   0x080028ce   0x00000002   Code   RO         3298    i.HAL_UARTEx_RxEventCallback  stm32f4xx_hal_uart.o
    0x080028d0   0x080028d0   0x00000002   Code   RO         3312    i.HAL_UART_ErrorCallback  stm32f4xx_hal_uart.o
    0x080028d2   0x080028d2   0x00000002   PAD
    0x080028d4   0x080028d4   0x00000268   Code   RO         3315    i.HAL_UART_IRQHandler  stm32f4xx_hal_uart.o
    0x08002b3c   0x08002b3c   0x00000062   Code   RO         3316    i.HAL_UART_Init     stm32f4xx_hal_uart.o
    0x08002b9e   0x08002b9e   0x00000002   PAD
    0x08002ba0   0x08002ba0   0x000000b4   Code   RO          473    i.HAL_UART_MspInit  usart.o
    0x08002c54   0x08002c54   0x00000002   Code   RO         3322    i.HAL_UART_RxCpltCallback  stm32f4xx_hal_uart.o
    0x08002c56   0x08002c56   0x00000002   Code   RO         3327    i.HAL_UART_TxCpltCallback  stm32f4xx_hal_uart.o
    0x08002c58   0x08002c58   0x00000002   Code   RO          518    i.HardFault_Handler  stm32f4xx_it.o
    0x08002c5a   0x08002c5a   0x00000002   PAD
    0x08002c5c   0x08002c5c   0x00000044   Code   RO          306    i.MX_CAN1_Init      can.o
    0x08002ca0   0x08002ca0   0x0000002c   Code   RO          346    i.MX_DMA_Init       dma.o
    0x08002ccc   0x08002ccc   0x00000028   Code   RO          254    i.MX_FREERTOS_Init  freertos.o
    0x08002cf4   0x08002cf4   0x00000120   Code   RO          230    i.MX_GPIO_Init      gpio.o
    0x08002e14   0x08002e14   0x00000044   Code   RO          372    i.MX_SPI1_Init      spi.o
    0x08002e58   0x08002e58   0x000000a4   Code   RO          415    i.MX_TIM4_Init      tim.o
    0x08002efc   0x08002efc   0x00000044   Code   RO          416    i.MX_TIM6_Init      tim.o
    0x08002f40   0x08002f40   0x00000054   Code   RO          417    i.MX_TIM7_Init      tim.o
    0x08002f94   0x08002f94   0x00000038   Code   RO          474    i.MX_USART1_UART_Init  usart.o
    0x08002fcc   0x08002fcc   0x00000002   Code   RO          519    i.MemManage_Handler  stm32f4xx_it.o
    0x08002fce   0x08002fce   0x00000002   Code   RO          520    i.NMI_Handler       stm32f4xx_it.o
    0x08002fd0   0x08002fd0   0x0000003c   Code   RO         3774    i.PWM_LED           tim_led.o
    0x0800300c   0x0800300c   0x00000008   Code   RO          255    i.StartDefaultTask  freertos.o
    0x08003014   0x08003014   0x00000018   Code   RO          521    i.SysTick_Handler   stm32f4xx_it.o
    0x0800302c   0x0800302c   0x00000098   Code   RO           14    i.SystemClock_Config  main.o
    0x080030c4   0x080030c4   0x00000010   Code   RO         3645    i.SystemInit        system_stm32f4xx.o
    0x080030d4   0x080030d4   0x0000000c   Code   RO          522    i.TIM7_IRQHandler   stm32f4xx_it.o
    0x080030e0   0x080030e0   0x000000c8   Code   RO         2409    i.TIM_Base_SetConfig  stm32f4xx_hal_tim.o
    0x080031a8   0x080031a8   0x0000001a   Code   RO         2410    i.TIM_CCxChannelCmd  stm32f4xx_hal_tim.o
    0x080031c2   0x080031c2   0x00000014   Code   RO         2420    i.TIM_ETR_SetConfig  stm32f4xx_hal_tim.o
    0x080031d6   0x080031d6   0x00000010   Code   RO         2421    i.TIM_ITRx_SetConfig  stm32f4xx_hal_tim.o
    0x080031e6   0x080031e6   0x00000002   PAD
    0x080031e8   0x080031e8   0x00000060   Code   RO         2422    i.TIM_OC1_SetConfig  stm32f4xx_hal_tim.o
    0x08003248   0x08003248   0x0000006c   Code   RO         2423    i.TIM_OC2_SetConfig  stm32f4xx_hal_tim.o
    0x080032b4   0x080032b4   0x00000068   Code   RO         2424    i.TIM_OC3_SetConfig  stm32f4xx_hal_tim.o
    0x0800331c   0x0800331c   0x00000050   Code   RO         2425    i.TIM_OC4_SetConfig  stm32f4xx_hal_tim.o
    0x0800336c   0x0800336c   0x00000022   Code   RO         2427    i.TIM_TI1_ConfigInputStage  stm32f4xx_hal_tim.o
    0x0800338e   0x0800338e   0x00000024   Code   RO         2429    i.TIM_TI2_ConfigInputStage  stm32f4xx_hal_tim.o
    0x080033b2   0x080033b2   0x00000010   Code   RO         3329    i.UART_DMAAbortOnError  stm32f4xx_hal_uart.o
    0x080033c2   0x080033c2   0x0000004e   Code   RO         3339    i.UART_EndRxTransfer  stm32f4xx_hal_uart.o
    0x08003410   0x08003410   0x000000c0   Code   RO         3341    i.UART_Receive_IT   stm32f4xx_hal_uart.o
    0x080034d0   0x080034d0   0x0000010c   Code   RO         3342    i.UART_SetConfig    stm32f4xx_hal_uart.o
    0x080035dc   0x080035dc   0x0000000c   Code   RO          523    i.USART1_IRQHandler  stm32f4xx_it.o
    0x080035e8   0x080035e8   0x00000002   Code   RO          524    i.UsageFault_Handler  stm32f4xx_it.o
    0x080035ea   0x080035ea   0x00000020   Code   RO         1617    i.__NVIC_SetPriority  stm32f4xx_hal_cortex.o
    0x0800360a   0x0800360a   0x0000001a   Code   RO         5297    i.fputc             c_w.l(fputc.o)
    0x08003624   0x08003624   0x00000060   Code   RO           15    i.main              main.o
    0x08003684   0x08003684   0x0000000c   Code   RO         4717    i.makeFreeRtosPriority  cmsis_os.o
    0x08003690   0x08003690   0x00000010   Code   RO         4719    i.osDelay           cmsis_os.o
    0x080036a0   0x080036a0   0x0000000a   Code   RO         4722    i.osKernelStart     cmsis_os.o
    0x080036aa   0x080036aa   0x0000005c   Code   RO         4756    i.osThreadCreate    cmsis_os.o
    0x08003706   0x08003706   0x00000002   PAD
    0x08003708   0x08003708   0x00000078   Code   RO         4388    i.prvAddCurrentTaskToDelayedList  tasks.o
    0x08003780   0x08003780   0x00000088   Code   RO         4389    i.prvAddNewTaskToReadyList  tasks.o
    0x08003808   0x08003808   0x00000040   Code   RO         4390    i.prvCheckTasksWaitingTermination  tasks.o
    0x08003848   0x08003848   0x00000040   Code   RO         4391    i.prvDeleteTCB      tasks.o
    0x08003888   0x08003888   0x00000050   Code   RO         5084    i.prvHeapInit       heap_4.o
    0x080038d8   0x080038d8   0x00000028   Code   RO         4392    i.prvIdleTask       tasks.o
    0x08003900   0x08003900   0x0000007e   Code   RO         4393    i.prvInitialiseNewTask  tasks.o
    0x0800397e   0x0800397e   0x00000002   PAD
    0x08003980   0x08003980   0x00000060   Code   RO         4394    i.prvInitialiseTaskLists  tasks.o
    0x080039e0   0x080039e0   0x0000005c   Code   RO         5085    i.prvInsertBlockIntoFreeList  heap_4.o
    0x08003a3c   0x08003a3c   0x00000024   Code   RO         4395    i.prvResetNextTaskUnblockTime  tasks.o
    0x08003a60   0x08003a60   0x00000030   Code   RO         5152    i.prvTaskExitError  port.o
    0x08003a90   0x08003a90   0x000000e8   Code   RO         5086    i.pvPortMalloc      heap_4.o
    0x08003b78   0x08003b78   0x0000002c   Code   RO         5153    i.pxPortInitialiseStack  port.o
    0x08003ba4   0x08003ba4   0x00000026   Code   RO         4014    i.uxListRemove      list.o
    0x08003bca   0x08003bca   0x00000002   PAD
    0x08003bcc   0x08003bcc   0x00000014   Code   RO          256    i.vApplicationGetIdleTaskMemory  freertos.o
    0x08003be0   0x08003be0   0x00000016   Code   RO         4015    i.vListInitialise   list.o
    0x08003bf6   0x08003bf6   0x00000006   Code   RO         4016    i.vListInitialiseItem  list.o
    0x08003bfc   0x08003bfc   0x00000036   Code   RO         4017    i.vListInsert       list.o
    0x08003c32   0x08003c32   0x00000018   Code   RO         4018    i.vListInsertEnd    list.o
    0x08003c4a   0x08003c4a   0x00000002   PAD
    0x08003c4c   0x08003c4c   0x00000040   Code   RO         5155    i.vPortEnterCritical  port.o
    0x08003c8c   0x08003c8c   0x0000002c   Code   RO         5156    i.vPortExitCritical  port.o
    0x08003cb8   0x08003cb8   0x00000064   Code   RO         5087    i.vPortFree         heap_4.o
    0x08003d1c   0x08003d1c   0x00000024   Code   RO         5157    i.vPortSetupTimerInterrupt  port.o
    0x08003d40   0x08003d40   0x00000050   Code   RO         4404    i.vTaskDelay        tasks.o
    0x08003d90   0x08003d90   0x00000088   Code   RO         4417    i.vTaskStartScheduler  tasks.o
    0x08003e18   0x08003e18   0x00000010   Code   RO         4419    i.vTaskSuspendAll   tasks.o
    0x08003e28   0x08003e28   0x00000060   Code   RO         4420    i.vTaskSwitchContext  tasks.o
    0x08003e88   0x08003e88   0x00000104   Code   RO         5159    i.xPortStartScheduler  port.o
    0x08003f8c   0x08003f8c   0x0000002c   Code   RO         5160    i.xPortSysTickHandler  port.o
    0x08003fb8   0x08003fb8   0x0000006c   Code   RO         4423    i.xTaskCreate       tasks.o
    0x08004024   0x08004024   0x00000060   Code   RO         4424    i.xTaskCreateStatic  tasks.o
    0x08004084   0x08004084   0x0000001c   Code   RO         4428    i.xTaskGetSchedulerState  tasks.o
    0x080040a0   0x080040a0   0x000000d4   Code   RO         4431    i.xTaskIncrementTick  tasks.o
    0x08004174   0x08004174   0x000000cc   Code   RO         4437    i.xTaskResumeAll    tasks.o
    0x08004240   0x08004240   0x0000000a   Code   RO         5528    x$fpl$fpinit        fz_wm.l(fpinit.o)
    0x0800424a   0x0800424a   0x00000002   PAD
    0x0800424c   0x0800424c   0x0000001c   Data   RO          258    .constdata          freertos.o
    0x08004268   0x08004268   0x00000008   Data   RO         1334    .constdata          stm32f4xx_hal_dma.o
    0x08004270   0x08004270   0x00000010   Data   RO         3646    .constdata          system_stm32f4xx.o
    0x08004280   0x08004280   0x00000008   Data   RO         3647    .constdata          system_stm32f4xx.o
    0x08004288   0x08004288   0x00000004   Data   RO         5309    .constdata          c_w.l(sys_io.o)
    0x0800428c   0x0800428c   0x00000004   Data   RO         5310    .constdata          c_w.l(sys_io.o)
    0x08004290   0x08004290   0x00000004   Data   RO         5311    .constdata          c_w.l(sys_io.o)
    0x08004294   0x08004294   0x0000005e   Data   RO           16    .conststring        main.o
    0x080042f2   0x080042f2   0x00000002   PAD
    0x080042f4   0x080042f4   0x0000000c   Data   RO          259    .conststring        freertos.o
    0x08004300   0x08004300   0x00000020   Data   RO         5612    Region$$Table       anon$$obj.o


    Execution Region RW_IRAM2 (Exec base: 0x10000000, Load base: 0x080043c4, Size: 0x00000000, Max: 0x00010000, ABSOLUTE)

    **** No section assigned to this execution region ****


    Execution Region RW_IRAM1 (Exec base: 0x20000000, Load base: 0x08004320, Size: 0x00004a00, Max: 0x00020000, ABSOLUTE)

    Exec Addr    Load Addr    Size         Type   Attr      Idx    E Section Name        Object

    0x20000000   0x08004320   0x00000004   Data   RW          260    .data               freertos.o
    0x20000004   0x08004324   0x0000000c   Data   RW         1761    .data               stm32f4xx_hal.o
    0x20000010   0x08004330   0x00000004   Data   RW         3648    .data               system_stm32f4xx.o
    0x20000014   0x08004334   0x0000001a   Data   RW         3687    .data               can1_controlmotor.o
    0x2000002e   0x0800434e   0x00000002   PAD
    0x20000030   0x08004350   0x0000003c   Data   RW         4440    .data               tasks.o
    0x2000006c   0x0800438c   0x00000020   Data   RW         5093    .data               heap_4.o
    0x2000008c   0x080043ac   0x0000000c   Data   RW         5161    .data               port.o
    0x20000098   0x080043b8   0x00000004   Data   RW         5270    .data               c_w.l(stdio_streams.o)
    0x2000009c   0x080043bc   0x00000004   Data   RW         5271    .data               c_w.l(stdio_streams.o)
    0x200000a0   0x080043c0   0x00000004   Data   RW         5272    .data               c_w.l(stdio_streams.o)
    0x200000a4        -       0x00000254   Zero   RW          257    .bss                freertos.o
    0x200002f8        -       0x00000028   Zero   RW          307    .bss                can.o
    0x20000320        -       0x00000058   Zero   RW          373    .bss                spi.o
    0x20000378        -       0x000000d8   Zero   RW          418    .bss                tim.o
    0x20000450        -       0x000000a4   Zero   RW          475    .bss                usart.o
    0x200004f4        -       0x000000bc   Zero   RW         3685    .bss                can1_controlmotor.o
    0x200005b0        -       0x000000f0   Zero   RW         4439    .bss                tasks.o
    0x200006a0        -       0x00003c00   Zero   RW         5092    .bss                heap_4.o
    0x200042a0        -       0x00000054   Zero   RW         5267    .bss                c_w.l(stdio_streams.o)
    0x200042f4        -       0x00000054   Zero   RW         5268    .bss                c_w.l(stdio_streams.o)
    0x20004348        -       0x00000054   Zero   RW         5269    .bss                c_w.l(stdio_streams.o)
    0x2000439c        -       0x00000060   Zero   RW         5470    .bss                c_w.l(libspace.o)
    0x200043fc   0x080043c4   0x00000004   PAD
    0x20004400        -       0x00000200   Zero   RW            2    HEAP                startup_stm32f407xx.o
    0x20004600        -       0x00000400   Zero   RW            1    STACK               startup_stm32f407xx.o


==============================================================================

Image component sizes


      Code (inc. data)   RO Data    RW Data    ZI Data      Debug   Object Name

       172         22          0          0         40       1657   can.o
        64         14          0         26        188       1585   can1_controlmotor.o
       130          0          0          0          0      23023   cmsis_os.o
        44          4          0          0          0        758   dma.o
         0          0          0          0          0      16912   event_groups.o
        68         14         40          4        596       2406   freertos.o
       288         20          0          0          0       1083   gpio.o
       504         32          0         32      15360       7527   heap_4.o
       144          0          0          0          0       3550   list.o
       252         14         94          0          0     742568   main.o
       730         82          0         12          0      11028   port.o
       172         20          0          0         88       1657   spi.o
        64         26        392          0       1536        836   startup_stm32f407xx.o
       180         28          0         12          0       9345   stm32f4xx_hal.o
      1046          0          0          0          0      10458   stm32f4xx_hal_can.o
       198         14          0          0          0      33915   stm32f4xx_hal_cortex.o
       934         16          8          0          0       5555   stm32f4xx_hal_dma.o
       522         46          0          0          0       2805   stm32f4xx_hal_gpio.o
        56          4          0          0          0        850   stm32f4xx_hal_msp.o
      1348         76          0          0          0       5192   stm32f4xx_hal_rcc.o
       188          0          0          0          0       1179   stm32f4xx_hal_spi.o
      2020        136          0          0          0      16698   stm32f4xx_hal_tim.o
       148         28          0          0          0       2421   stm32f4xx_hal_tim_ex.o
      1276         16          0          0          0       8212   stm32f4xx_hal_uart.o
        84         24          0          0          0       5113   stm32f4xx_it.o
         0          0          0          0          0        424   stream_buffer.o
        16          4         24          4          0       1103   system_stm32f4xx.o
      1658        146          0         60        240      21154   tasks.o
       488         58          0          0        216       3574   tim.o
        88         16          0          0          0       1442   tim_led.o
       236         28          0          0        164       1765   usart.o

    ----------------------------------------------------------------------
     13150        888        592        152      18428     945795   Object Totals
         0          0         32          0          0          0   (incl. Generated)
        32          0          2          2          0          0   (incl. Padding)

    ----------------------------------------------------------------------

      Code (inc. data)   RO Data    RW Data    ZI Data      Debug   Library Member Name

         8          0          0          0          0         68   __main.o
        40          0          0          0          0         84   __printf_nopercent.o
         0          0          0          0          0          0   __rtentry.o
        12          0          0          0          0          0   __rtentry2.o
         6          0          0          0          0          0   __rtentry4.o
        52          8          0          0          0          0   __scatter.o
        26          0          0          0          0          0   __scatter_copy.o
        28          0          0          0          0          0   __scatter_zi.o
        48          6          0          0          0         96   _printf_char_common.o
        36          4          0          0          0         80   _printf_char_file.o
        10          0          0          0          0         68   defsig_exit.o
        50          0          0          0          0         88   defsig_general.o
        80         58          0          0          0         76   defsig_rtmem_inner.o
        14          0          0          0          0         80   defsig_rtmem_outer.o
        52         38          0          0          0         76   defsig_rtred_inner.o
        14          0          0          0          0         80   defsig_rtred_outer.o
        18          0          0          0          0         80   exit.o
        76          0          0          0          0         88   fclose.o
         8          0          0          0          0         68   ferror.o
       470          0          0          0          0         88   flsbuf.o
       236          4          0          0          0        128   fopen.o
        26          0          0          0          0         68   fputc.o
       248          6          0          0          0         84   fseek.o
        66          0          0          0          0         76   ftell.o
        94          0          0          0          0         80   h1_alloc.o
        52          0          0          0          0         68   h1_extend.o
        78          0          0          0          0         80   h1_free.o
        14          0          0          0          0         84   h1_init.o
         6          0          0          0          0        152   heapauxi.o
         4          0          0          0          0        136   hguard.o
         0          0          0          0          0          0   indicate_semi.o
       138          0          0          0          0        168   init_alloc.o
       312         46          0          0          0        112   initio.o
         2          0          0          0          0          0   libinit.o
        18          0          0          0          0          0   libinit2.o
         2          0          0          0          0          0   libshutdown.o
         6          0          0          0          0          0   libshutdown2.o
         8          4          0          0         96         68   libspace.o
       238          0          0          0          0        100   lludivv7m.o
         0          0          0          0          0          0   maybetermalloc1.o
        24          4          0          0          0         84   noretval__2printf.o
         8          4          0          0          0         68   rt_errno_addr_intlibspace.o
         8          4          0          0          0         68   rt_heap_descriptor_intlibspace.o
        78          0          0          0          0         80   rt_memclr_w.o
       100          0          0          0          0         80   rt_memcpy_w.o
         2          0          0          0          0          0   rtexit.o
        10          0          0          0          0          0   rtexit2.o
        70          0          0          0          0         80   setvbuf.o
       240          6          0          0          0        156   stdio.o
         0          0          0         12        252          0   stdio_streams.o
        62          0          0          0          0         76   strlen.o
        12          4          0          0          0         68   sys_exit.o
       102          0         12          0          0        240   sys_io.o
        74          0          0          0          0         80   sys_stackheap_outer.o
        14          0          0          0          0         76   sys_wrch.o
         2          0          0          0          0         68   use_no_semi.o
        10          0          0          0          0        116   fpinit.o

    ----------------------------------------------------------------------
      3430        196         12         12        352       3864   Library Totals
        18          0          0          0          4          0   (incl. Padding)

    ----------------------------------------------------------------------

      Code (inc. data)   RO Data    RW Data    ZI Data      Debug   Library Name

      3402        196         12         12        348       3748   c_w.l
        10          0          0          0          0        116   fz_wm.l

    ----------------------------------------------------------------------
      3430        196         12         12        352       3864   Library Totals

    ----------------------------------------------------------------------

==============================================================================


      Code (inc. data)   RO Data    RW Data    ZI Data      Debug   

     16580       1084        604        164      18780     933683   Grand Totals
     16580       1084        604        164      18780     933683   ELF Image Totals
     16580       1084        604        164          0          0   ROM Totals

==============================================================================

    Total RO  Size (Code + RO Data)                17184 (  16.78kB)
    Total RW  Size (RW Data + ZI Data)             18944 (  18.50kB)
    Total ROM Size (Code + RO Data + RW Data)      17348 (  16.94kB)

==============================================================================

